
SYMBOLS BY NAME

      80            CTL_IRQ_STACK_SIZE  
    3e70 UDATA0     _ARC_bus_helper_task
    4090 UDATA0     _ARC_bus_task       
   1383a CODE       _ARC_setup          
    d485 CONST      _ARClib_version     
   17346 CODE       _ARClib_version_Cmd 
    d498 CONST      _ARClib_vstruct     
   17290 CODE       _ARCsearch_Cmd      
   130ee CODE       _BUS_I2C_release    
    3e8c UDATA0     _BUS_INT_events     
   1308c CODE       _BUS_OA_check       
   13422 CODE       _BUS_SPI_txrx       
   1301c CODE       _BUS_addr_to_flags  
   146da CODE       _BUS_alarm_ticker_update
   13072 CODE       _BUS_cmd_init       
   1534c CODE       _BUS_cmd_resptostr  
   1318a CODE       _BUS_cmd_tx         
   151a0 CODE       _BUS_cmdtostr       
   150d0 CODE       _BUS_error_str      
   12fa6 CODE       _BUS_flags_to_addr  
   1466e CODE       _BUS_free_alarm     
   14538 CODE       _BUS_free_buffer    
   12f2a CODE       _BUS_get_OA         
   14510 CODE       _BUS_get_buffer     
   1450a CODE       _BUS_get_buffer_size
    3e8e UDATA0     _BUS_helper_events  
   14500 CODE       _BUS_init_buffer    
    3e90 UDATA0     _BUS_stack          
    509c THREAD     _BUS_thread_addr_flags
   14686 CODE       _BUS_timer_timeout_check
    4330 UDATA0     _DMA_events         
    c532 ISR        _DMA_int            
   15978 CODE       _ERR_lev_str        
   16dea CODE       _I2C_addr_lookup    
   16e32 CODE       _I2C_addr_revlookup 
    c7dc ISR        _I2C_dat            
    40f0 UDATA0     _I2C_rx_buf         
    40ee UDATA0     _I2C_rx_in          
    40ec UDATA0     _I2C_rx_out         
    508a UDATA0     _I2C_stat           
   14996 CODE       _PMM_setVCore       
   148dc CODE       _PMM_setVCoreDown   
   147e2 CODE       _PMM_setVCoreUp     
   18cc4 CODE       _SD_DMA_is_enabled  
   17972 CODE       _SD_error_str       
   10050 CODE       _SD_read            
    ff30 CODE       _SD_write           
   17cb4 CODE       _SPISetup           
   1376e CODE       _SPI_deactivate     
   17cca CODE       _SPI_fast           
   1373a CODE       _SPI_master_setup   
   13754 CODE       _SPI_slave_setup    
   17cdc CODE       _SPI_slow           
    40c8 UDATA0     _SUB_events         
    c5f8 ISR        _SYS_NMI            
    3bca UDATA0     _SYS_evt            
    c00c ISR        _Timer_A2_A0        
    c012 ISR        _Timer_A2_A1        
   17c98 CODE       _UCA2_Getc          
    c77a ISR        _UCA2_ISR           
    4f40 UDATA0     _UCA2_RxBuf         
    4fe4 UDATA0     _UCA2_TxBuf         
   17c5c CODE       _UCA2_TxChar        
   17b80 CODE       _UCA2_init_UART     
    fb5a CONST      ___RAL_ascii_ctype_map
   1967e CODE       ___RAL_ascii_mbtowc 
   196c4 CODE       ___RAL_ascii_wctomb 
    fd34 CONST      ___RAL_c_locale     
    fc32 CONST      ___RAL_c_locale_abbrev_day_names
    fca6 CONST      ___RAL_c_locale_abbrev_month_names
    fcd7 CONST      ___RAL_c_locale_am_pm_indicator
    fd02 CONST      ___RAL_c_locale_data
    fcde CONST      ___RAL_c_locale_date_format
    fcf0 CONST      ___RAL_c_locale_date_time_format
    fbf8 CONST      ___RAL_c_locale_day_names
    fc4f CONST      ___RAL_c_locale_month_names
    fce7 CONST      ___RAL_c_locale_time_format
    fbe8 CONST      ___RAL_codeset_ascii
    fd01 CONST      ___RAL_data_empty_string
    fcff CONST      ___RAL_data_utf8_period
    1c2c IDATA0     ___RAL_global_locale
   1928a CODE       ___RAL_global_locale_category
    fb32 CONST      ___RAL_hex_lc       
    fb22 CONST      ___RAL_hex_uc       
   19670 CODE       ___RAL_init_mbstate 
   191dc CODE       ___RAL_isctype      
   18f76 CODE       ___RAL_pow10        
   19152 CODE       ___RAL_pre_padding  
   19134 CODE       ___RAL_print_padding
   12e7c CODE       ___RAL_read_tp      
    1c00            ___RAM_Address      
    8000            ___RAM_Size         
    1c00            ___begin_IDATA0     
    509c            ___begin_THREAD     
    1c36            ___begin_UDATA0     
     4da            ___crt_mac32h       
     4d8            ___crt_mac32l       
     4c0            ___crt_mpy          
     4d2            ___crt_mpy32h       
     4d0            ___crt_mpy32l       
     4c8            ___crt_op2          
     4e2            ___crt_op2h         
     4e0            ___crt_op2l         
     4e4            ___crt_res0         
     4e6            ___crt_res1         
     4e8            ___crt_res2         
     4ea            ___crt_res3         
     4ca            ___crt_reslo        
   18f02 CODE       ___digit            
    1c36            ___end_IDATA0       
    50a0            ___end_THREAD       
    509c            ___end_UDATA0       
   19262 CODE       ___errno            
   19934 CODE       ___float32_add      
   19b0a CODE       ___float32_div      
   19be4 CODE       ___float32_eq       
   1971c CODE       ___float32_isinf    
   19736 CODE       ___float32_isnan    
   19bc8 CODE       ___float32_lt       
   19a32 CODE       ___float32_mul      
    fd3c CONST      ___float32_nan      
   1974e CODE       ___float32_signbit  
   19a26 CODE       ___float32_sub      
   19882 CODE       ___float32_to_int64 
   18f48 CODE       ___getc             
    fd50 CODE       ___getchar          
   18cea CODE       ___int16_div        
   18d10 CODE       ___int16_mod        
   18d36 CODE       ___int16_mul        
   19bf4 CODE       ___int16_to_float32 
   18cc8 CODE       ___int32_mul        
   18dba CODE       ___int64_lsl        
   18dcc CODE       ___int64_lsr        
   18d4c CODE       ___int64_mul        
   1258e CODE       ___printf_lock      
   125aa CODE       ___printf_unlock    
   190ea CODE       ___putc             
    fd40 CODE       ___putchar          
   18fcc CODE       ___strtoul          
    c756 ISR        ___thunk_ARClib_version_Cmd
    c752 ISR        ___thunk_ARCsearch_Cmd
    c01c ISR        ___thunk_SD_read    
    c018 ISR        ___thunk_SD_write   
    c8ce ISR        ___thunk___RAL_ascii_mbtowc
    c8d2 ISR        ___thunk___RAL_ascii_wctomb
    c000 ISR        ___thunk___putchar  
    c772 ISR        ___thunk_clearErrCmd
    c75a ISR        ___thunk_errReq_Cmd 
    c702 ISR        ___thunk_err_decode_arcbus
    c004 ISR        ___thunk_example_command
    c008 ISR        ___thunk_example_timer_IR
    c706 ISR        ___thunk_helpCmd    
    c776 ISR        ___thunk_logCmd     
    c73a ISR        ___thunk_mmcDMA_Cmd 
    c70e ISR        ___thunk_mmcInitChkCmd
    c72a ISR        ___thunk_mmc_TstCmd 
    c722 ISR        ___thunk_mmc_cardSize
    c71a ISR        ___thunk_mmc_dump   
    c726 ISR        ___thunk_mmc_eraseCmd
    c732 ISR        ___thunk_mmc_multiRTstCmd
    c72e ISR        ___thunk_mmc_multiWTstCmd
    c716 ISR        ___thunk_mmc_read   
    c736 ISR        ___thunk_mmc_reinit 
    c712 ISR        ___thunk_mmc_write  
    c71e ISR        ___thunk_mmcdat_Cmd 
    c73e ISR        ___thunk_mmcreg_Cmd 
    c75e ISR        ___thunk_priorityCmd
    c76e ISR        ___thunk_replayCmd  
    c742 ISR        ___thunk_restCmd    
    c020 ISR        ___thunk_send_I2C   
    c74e ISR        ___thunk_spiCmd     
    c76a ISR        ___thunk_stackCmd   
    c766 ISR        ___thunk_statsCmd   
    c024 ISR        ___thunk_sub_events 
    c028 ISR        ___thunk_sys_events 
    c70a ISR        ___thunk_terminal   
    c746 ISR        ___thunk_timeCmd    
    c762 ISR        ___thunk_timesliceCmd
    c74a ISR        ___thunk_txCmd      
   18e4c CODE       ___uint16_div       
   18e64 CODE       ___uint16_mod       
   19c00 CODE       ___uint16_to_float32
   19c0a CODE       ___uint16_to_float32_aux
   18e6c CODE       ___uint32_div       
   18e76 CODE       ___uint32_divmod    
   18e9e CODE       ___uint64_div       
   18ec6 CODE       ___uint64_divmod    
   18e2c CODE       ___uint64_mod       
   1975e CODE       ___uint64_to_float32
    1c2a IDATA0     ___ungot            
    509a UDATA0     ___user_format_extender
   10624 CODE       ___vfprintf         
   10624 CODE       ___vfprintf_float_long_long
   11de8 CODE       ___vfscanf          
   11de8 CODE       ___vfscanf_float_long_long_cc
   17f70 CODE       __mmc_pins_map      
   1588a CODE       __record_error      
   1917c CODE       _abs                
   130c2 CODE       _addr_chk           
    4984 UDATA0     _alarms             
    40ca UDATA0     _arcBus_stat        
    1c16 IDATA0     _async_addr         
   145da CODE       _async_close_remote 
   14542 CODE       _async_isOpen       
   14548 CODE       _async_open_remote  
    4968 UDATA0     _async_rxQ          
   14608 CODE       _async_send_data    
    1c18 IDATA0     _async_timer        
    4976 UDATA0     _async_txQ          
   1918c CODE       _atoi               
   191b2 CODE       _atol               
    4736 UDATA0     _buffer_mutex       
    edb4 CONST      _busAddrSym         
    c034 ISR        _bus_I2C_isr        
    c470 ISR        _bus_SPI_isr        
   153d2 CODE       _bus_flags_tostr    
    c47c ISR        _bus_int            
    c5b2 ISR        _bus_resend         
   153f2 CODE       _bus_version_err_tostr
   178c8 CODE       _clearErrCmd        
   15acc CODE       _clear_saved_errors 
    1c1a IDATA0     _closed_event       
    1c1c IDATA0     _closed_flag        
    1c12 IDATA0     _cmd_parse_list     
    c916 CONST      _cmd_tbl            
   136c6 CODE       _crc16              
   13694 CODE       _crc7               
    3c5e UDATA0     _crc_mutex          
   129a8 CODE       _ctl_byte_queue_init
   12d76 CODE       _ctl_byte_queue_post
   12af0 CODE       _ctl_byte_queue_post_multi
   12c96 CODE       _ctl_byte_queue_post_multi_nb
   12dca CODE       _ctl_byte_queue_post_nb
   12da4 CODE       _ctl_byte_queue_receive
   12bc8 CODE       _ctl_byte_queue_receive_multi
   12d06 CODE       _ctl_byte_queue_receive_multi_nb
   12de4 CODE       _ctl_byte_queue_receive_nb
    3bd2 UDATA0     _ctl_current_time   
   12ea6 CODE       _ctl_enter_isr      
   125be CODE       _ctl_events_init    
   12752 CODE       _ctl_events_set_clear
   125d2 CODE       _ctl_events_wait    
   12eda CODE       _ctl_exit_isr       
   12576 CODE       _ctl_get_current_time
   12f12 CODE       _ctl_global_interrupts_set
   149d6 CODE       _ctl_handle_error   
   124fc CODE       _ctl_increment_tick_from_isr
    3bd7 UDATA0     _ctl_interrupt_count
    3bce UDATA0     _ctl_last_schedule_time
    1c06 IDATA0     _ctl_libc_mutex     
   127b2 CODE       _ctl_mutex_init     
   127de CODE       _ctl_mutex_lock     
   127ca CODE       _ctl_mutex_lock_uc  
   128e2 CODE       _ctl_mutex_unlock   
   1222c CODE       _ctl_private_add_to_task_list
   126ce CODE       _ctl_private_events_schedule
   12df8 CODE       _ctl_private_get_stack_start
   12dfe CODE       _ctl_private_get_thread_local_storage
   12e04 CODE       _ctl_private_init_registers
   12e66 CODE       _ctl_private_init_thread_local_storage
   1227a CODE       _ctl_private_remove_from_task_list
   122b4 CODE       _ctl_private_reschedule
   12e8a CODE       _ctl_private_reschedule_from_api_call
    3bd6 UDATA0     _ctl_reschedule_on_last_isr_exit
   12454 CODE       _ctl_task_die       
    3bd8 UDATA0     _ctl_task_executing 
   1238c CODE       _ctl_task_init      
    3bda UDATA0     _ctl_task_list      
   123c8 CODE       _ctl_task_run       
   1247c CODE       _ctl_task_set_priority
    3bcc UDATA0     _ctl_task_switch_callout
    1c04 IDATA0     _ctl_time_increment 
   124ba CODE       _ctl_timeout_wait   
    1c00 IDATA0     _ctl_timeslice_period
   16612 CODE       _dat_next           
   15d5e CODE       _doCmd              
   17358 CODE       _errReq_Cmd         
   149e8 CODE       _err_decode_arcbus  
   159b6 CODE       _err_do_decode      
   15702 CODE       _err_register_handler
   157ba CODE       _error_init         
   15afe CODE       _error_log_mem_replay
   15b80 CODE       _error_log_replay   
   157dc CODE       _error_recording_start
    fe42 CODE       _example_command    
    fec6 CODE       _example_timer_IR   
   19f14 CODE       _fabsf              
   19cc0 CODE       _floor              
   19cc0 CODE       _floorf             
   19d90 CODE       _fmod               
   19d90 CODE       _fmodf              
   19f56 CODE       _frexp              
   16e6a CODE       _getI2C_addr        
   15884 CODE       _get_error_level    
   136fa CODE       _get_ticker_time    
   1926c CODE       _getchar            
   15cac CODE       _helpCmd            
    3c7c UDATA0     _helper_stack       
   15dee CODE       _hist_decr          
   15de2 CODE       _hist_incr          
    40ac UDATA0     _idle_task          
   138ce CODE       _initARCbus         
   1377e CODE       _initCLK            
   137e4 CODE       _initSVS            
   137c8 CODE       _init_timerA        
   19250 CODE       _iscntrl            
   1921e CODE       _isdigit            
   1920c CODE       _islower            
   1923e CODE       _isprint            
   1922e CODE       _isspace            
   191fa CODE       _isupper            
   19f1a CODE       _ldexp              
   178ec CODE       _logCmd             
    fd56 CODE       _main               
   144b6 CODE       _mainLoop           
   154a6 CODE       _main_return        
   15c42 CODE       _make_args          
   196ec CODE       _memcpy             
   196fc CODE       _memset             
   16d18 CODE       _mmcDMA_Cmd         
   18a2e CODE       _mmcErase           
   18b80 CODE       _mmcGetCardSize     
   18008 CODE       _mmcGoIdle          
   160b2 CODE       _mmcInitChkCmd      
   17ff4 CODE       _mmcInit_card       
   17f92 CODE       _mmcInit_msp        
   17f14 CODE       _mmcLock            
   17fa4 CODE       _mmcReInit_card     
   18520 CODE       _mmcReadBlock       
   18608 CODE       _mmcReadBlocks      
   18b06 CODE       _mmcReadReg         
   189bc CODE       _mmcSendCmd         
    1c22 IDATA0     _mmcStat            
   17ed8 CODE       _mmcUnlock          
   1876a CODE       _mmcWriteBlock      
   18864 CODE       _mmcWriteMultiBlock 
    c7d0 ISR        _mmc_ISR            
   18360 CODE       _mmc_R1             
   18412 CODE       _mmc_R1b            
   1839c CODE       _mmc_R2             
   1664c CODE       _mmc_TstCmd         
   183d8 CODE       _mmc_busy           
   16536 CODE       _mmc_cardSize       
   18458 CODE       _mmc_dat_resp       
   16218 CODE       _mmc_dump           
   16582 CODE       _mmc_eraseCmd       
   17ebc CODE       _mmc_is_init        
   16a1c CODE       _mmc_multiRTstCmd   
   168c4 CODE       _mmc_multiWTstCmd   
   17f4c CODE       _mmc_pins_on        
   16180 CODE       _mmc_read           
   16cf8 CODE       _mmc_reinit         
   184ea CODE       _mmc_token          
   160e0 CODE       _mmc_write          
   16374 CODE       _mmcdat_Cmd         
   16d36 CODE       _mmcreg_Cmd         
   19c2a CODE       _modff              
    49a4 UDATA0     _next_idx           
   17762 CODE       _parse_log_level    
    1c10 IDATA0     _powerState         
   15a3e CODE       _print_error        
   1935a CODE       _printf             
   17518 CODE       _priorityCmd        
   19396 CODE       _puts               
   139cc CODE       _readTA1            
   15934 CODE       _record_error       
   1783c CODE       _replayCmd          
   15a8c CODE       _report_error       
   15474 CODE       _reset_bor          
   16f34 CODE       _restCmd            
    473c UDATA0     _rxbuf              
    4994 UDATA0     _saved_error        
   1049c CODE       _send_I2C           
   15878 CODE       _set_error_level    
   13712 CODE       _setget_ticker_time 
   1717e CODE       _spiCmd             
   17d24 CODE       _spiDummyClk        
   17d5a CODE       _spiReadFrame       
   17cec CODE       _spiSendByte        
   17e12 CODE       _spiSendFrame       
   193d0 CODE       _sprintf            
   19400 CODE       _sscanf             
   17718 CODE       _stackCmd           
   137dc CODE       _start_timerA       
   154ba CODE       _startup_error_check
   17634 CODE       _stateName          
   176b6 CODE       _statsCmd           
   1942e CODE       _strcat             
   1944e CODE       _strcmp             
   1946e CODE       _strcpy             
   194b2 CODE       _strlcpy            
   1970c CODE       _strlen             
   19484 CODE       _strncmp            
   194f6 CODE       _strnlen            
   19510 CODE       _strtol             
   195bc CODE       _strtoul            
   1053c CODE       _sub_events         
    1c36 UDATA0     _sub_stack          
    3b92 UDATA0     _sub_task           
   105cc CODE       _sys_events         
    2406 UDATA0     _sys_stack          
    3b76 UDATA0     _sys_task           
    c578 ISR        _task_tick          
   15dfa CODE       _terminal           
    2bd6 UDATA0     _terminal_stack     
    3bae UDATA0     _terminal_task      
    3c64 UDATA0     _ticker_time        
   16fea CODE       _timeCmd            
   175cc CODE       _timesliceCmd       
   17000 CODE       _txCmd              
    4868 UDATA0     _txbuf              
    d4de CONST      thread_init_begin   
    d4e2 CONST      thread_init_end     


SYMBOLS BY VALUE

      80            CTL_IRQ_STACK_SIZE  
     4c0            ___crt_mpy          
     4c8            ___crt_op2          
     4ca            ___crt_reslo        
     4d0            ___crt_mpy32l       
     4d2            ___crt_mpy32h       
     4d8            ___crt_mac32l       
     4da            ___crt_mac32h       
     4e0            ___crt_op2l         
     4e2            ___crt_op2h         
     4e4            ___crt_res0         
     4e6            ___crt_res1         
     4e8            ___crt_res2         
     4ea            ___crt_res3         
    1c00            ___RAM_Address      
    1c00 IDATA0     _ctl_timeslice_period
    1c00            ___begin_IDATA0     
    1c04 IDATA0     _ctl_time_increment 
    1c06 IDATA0     _ctl_libc_mutex     
    1c10 IDATA0     _powerState         
    1c12 IDATA0     _cmd_parse_list     
    1c16 IDATA0     _async_addr         
    1c18 IDATA0     _async_timer        
    1c1a IDATA0     _closed_event       
    1c1c IDATA0     _closed_flag        
    1c22 IDATA0     _mmcStat            
    1c2a IDATA0     ___ungot            
    1c2c IDATA0     ___RAL_global_locale
    1c36            ___end_IDATA0       
    1c36            ___begin_UDATA0     
    1c36 UDATA0     _sub_stack          
    2406 UDATA0     _sys_stack          
    2bd6 UDATA0     _terminal_stack     
    3b76 UDATA0     _sys_task           
    3b92 UDATA0     _sub_task           
    3bae UDATA0     _terminal_task      
    3bca UDATA0     _SYS_evt            
    3bcc UDATA0     _ctl_task_switch_callout
    3bce UDATA0     _ctl_last_schedule_time
    3bd2 UDATA0     _ctl_current_time   
    3bd6 UDATA0     _ctl_reschedule_on_last_isr_exit
    3bd7 UDATA0     _ctl_interrupt_count
    3bd8 UDATA0     _ctl_task_executing 
    3bda UDATA0     _ctl_task_list      
    3c5e UDATA0     _crc_mutex          
    3c64 UDATA0     _ticker_time        
    3c7c UDATA0     _helper_stack       
    3e70 UDATA0     _ARC_bus_helper_task
    3e8c UDATA0     _BUS_INT_events     
    3e8e UDATA0     _BUS_helper_events  
    3e90 UDATA0     _BUS_stack          
    4090 UDATA0     _ARC_bus_task       
    40ac UDATA0     _idle_task          
    40c8 UDATA0     _SUB_events         
    40ca UDATA0     _arcBus_stat        
    40ec UDATA0     _I2C_rx_out         
    40ee UDATA0     _I2C_rx_in          
    40f0 UDATA0     _I2C_rx_buf         
    4330 UDATA0     _DMA_events         
    4736 UDATA0     _buffer_mutex       
    473c UDATA0     _rxbuf              
    4868 UDATA0     _txbuf              
    4968 UDATA0     _async_rxQ          
    4976 UDATA0     _async_txQ          
    4984 UDATA0     _alarms             
    4994 UDATA0     _saved_error        
    49a4 UDATA0     _next_idx           
    4f40 UDATA0     _UCA2_RxBuf         
    4fe4 UDATA0     _UCA2_TxBuf         
    508a UDATA0     _I2C_stat           
    509a UDATA0     ___user_format_extender
    509c            ___end_UDATA0       
    509c THREAD     _BUS_thread_addr_flags
    509c            ___begin_THREAD     
    50a0            ___end_THREAD       
    8000            ___RAM_Size         
    c000 ISR        ___thunk___putchar  
    c004 ISR        ___thunk_example_command
    c008 ISR        ___thunk_example_timer_IR
    c00c ISR        _Timer_A2_A0        
    c012 ISR        _Timer_A2_A1        
    c018 ISR        ___thunk_SD_write   
    c01c ISR        ___thunk_SD_read    
    c020 ISR        ___thunk_send_I2C   
    c024 ISR        ___thunk_sub_events 
    c028 ISR        ___thunk_sys_events 
    c034 ISR        _bus_I2C_isr        
    c470 ISR        _bus_SPI_isr        
    c47c ISR        _bus_int            
    c532 ISR        _DMA_int            
    c578 ISR        _task_tick          
    c5b2 ISR        _bus_resend         
    c5f8 ISR        _SYS_NMI            
    c702 ISR        ___thunk_err_decode_arcbus
    c706 ISR        ___thunk_helpCmd    
    c70a ISR        ___thunk_terminal   
    c70e ISR        ___thunk_mmcInitChkCmd
    c712 ISR        ___thunk_mmc_write  
    c716 ISR        ___thunk_mmc_read   
    c71a ISR        ___thunk_mmc_dump   
    c71e ISR        ___thunk_mmcdat_Cmd 
    c722 ISR        ___thunk_mmc_cardSize
    c726 ISR        ___thunk_mmc_eraseCmd
    c72a ISR        ___thunk_mmc_TstCmd 
    c72e ISR        ___thunk_mmc_multiWTstCmd
    c732 ISR        ___thunk_mmc_multiRTstCmd
    c736 ISR        ___thunk_mmc_reinit 
    c73a ISR        ___thunk_mmcDMA_Cmd 
    c73e ISR        ___thunk_mmcreg_Cmd 
    c742 ISR        ___thunk_restCmd    
    c746 ISR        ___thunk_timeCmd    
    c74a ISR        ___thunk_txCmd      
    c74e ISR        ___thunk_spiCmd     
    c752 ISR        ___thunk_ARCsearch_Cmd
    c756 ISR        ___thunk_ARClib_version_Cmd
    c75a ISR        ___thunk_errReq_Cmd 
    c75e ISR        ___thunk_priorityCmd
    c762 ISR        ___thunk_timesliceCmd
    c766 ISR        ___thunk_statsCmd   
    c76a ISR        ___thunk_stackCmd   
    c76e ISR        ___thunk_replayCmd  
    c772 ISR        ___thunk_clearErrCmd
    c776 ISR        ___thunk_logCmd     
    c77a ISR        _UCA2_ISR           
    c7d0 ISR        _mmc_ISR            
    c7dc ISR        _I2C_dat            
    c8ce ISR        ___thunk___RAL_ascii_mbtowc
    c8d2 ISR        ___thunk___RAL_ascii_wctomb
    c916 CONST      _cmd_tbl            
    d485 CONST      _ARClib_version     
    d498 CONST      _ARClib_vstruct     
    d4de CONST      thread_init_begin   
    d4e2 CONST      thread_init_end     
    edb4 CONST      _busAddrSym         
    fb22 CONST      ___RAL_hex_uc       
    fb32 CONST      ___RAL_hex_lc       
    fb5a CONST      ___RAL_ascii_ctype_map
    fbe8 CONST      ___RAL_codeset_ascii
    fbf8 CONST      ___RAL_c_locale_day_names
    fc32 CONST      ___RAL_c_locale_abbrev_day_names
    fc4f CONST      ___RAL_c_locale_month_names
    fca6 CONST      ___RAL_c_locale_abbrev_month_names
    fcd7 CONST      ___RAL_c_locale_am_pm_indicator
    fcde CONST      ___RAL_c_locale_date_format
    fce7 CONST      ___RAL_c_locale_time_format
    fcf0 CONST      ___RAL_c_locale_date_time_format
    fcff CONST      ___RAL_data_utf8_period
    fd01 CONST      ___RAL_data_empty_string
    fd02 CONST      ___RAL_c_locale_data
    fd34 CONST      ___RAL_c_locale     
    fd3c CONST      ___float32_nan      
    fd40 CODE       ___putchar          
    fd50 CODE       ___getchar          
    fd56 CODE       _main               
    fe42 CODE       _example_command    
    fec6 CODE       _example_timer_IR   
    ff30 CODE       _SD_write           
   10050 CODE       _SD_read            
   1049c CODE       _send_I2C           
   1053c CODE       _sub_events         
   105cc CODE       _sys_events         
   10624 CODE       ___vfprintf_float_long_long
   10624 CODE       ___vfprintf         
   11de8 CODE       ___vfscanf_float_long_long_cc
   11de8 CODE       ___vfscanf          
   1222c CODE       _ctl_private_add_to_task_list
   1227a CODE       _ctl_private_remove_from_task_list
   122b4 CODE       _ctl_private_reschedule
   1238c CODE       _ctl_task_init      
   123c8 CODE       _ctl_task_run       
   12454 CODE       _ctl_task_die       
   1247c CODE       _ctl_task_set_priority
   124ba CODE       _ctl_timeout_wait   
   124fc CODE       _ctl_increment_tick_from_isr
   12576 CODE       _ctl_get_current_time
   1258e CODE       ___printf_lock      
   125aa CODE       ___printf_unlock    
   125be CODE       _ctl_events_init    
   125d2 CODE       _ctl_events_wait    
   126ce CODE       _ctl_private_events_schedule
   12752 CODE       _ctl_events_set_clear
   127b2 CODE       _ctl_mutex_init     
   127ca CODE       _ctl_mutex_lock_uc  
   127de CODE       _ctl_mutex_lock     
   128e2 CODE       _ctl_mutex_unlock   
   129a8 CODE       _ctl_byte_queue_init
   12af0 CODE       _ctl_byte_queue_post_multi
   12bc8 CODE       _ctl_byte_queue_receive_multi
   12c96 CODE       _ctl_byte_queue_post_multi_nb
   12d06 CODE       _ctl_byte_queue_receive_multi_nb
   12d76 CODE       _ctl_byte_queue_post
   12da4 CODE       _ctl_byte_queue_receive
   12dca CODE       _ctl_byte_queue_post_nb
   12de4 CODE       _ctl_byte_queue_receive_nb
   12df8 CODE       _ctl_private_get_stack_start
   12dfe CODE       _ctl_private_get_thread_local_storage
   12e04 CODE       _ctl_private_init_registers
   12e66 CODE       _ctl_private_init_thread_local_storage
   12e7c CODE       ___RAL_read_tp      
   12e8a CODE       _ctl_private_reschedule_from_api_call
   12ea6 CODE       _ctl_enter_isr      
   12eda CODE       _ctl_exit_isr       
   12f12 CODE       _ctl_global_interrupts_set
   12f2a CODE       _BUS_get_OA         
   12fa6 CODE       _BUS_flags_to_addr  
   1301c CODE       _BUS_addr_to_flags  
   13072 CODE       _BUS_cmd_init       
   1308c CODE       _BUS_OA_check       
   130c2 CODE       _addr_chk           
   130ee CODE       _BUS_I2C_release    
   1318a CODE       _BUS_cmd_tx         
   13422 CODE       _BUS_SPI_txrx       
   13694 CODE       _crc7               
   136c6 CODE       _crc16              
   136fa CODE       _get_ticker_time    
   13712 CODE       _setget_ticker_time 
   1373a CODE       _SPI_master_setup   
   13754 CODE       _SPI_slave_setup    
   1376e CODE       _SPI_deactivate     
   1377e CODE       _initCLK            
   137c8 CODE       _init_timerA        
   137dc CODE       _start_timerA       
   137e4 CODE       _initSVS            
   1383a CODE       _ARC_setup          
   138ce CODE       _initARCbus         
   139cc CODE       _readTA1            
   144b6 CODE       _mainLoop           
   14500 CODE       _BUS_init_buffer    
   1450a CODE       _BUS_get_buffer_size
   14510 CODE       _BUS_get_buffer     
   14538 CODE       _BUS_free_buffer    
   14542 CODE       _async_isOpen       
   14548 CODE       _async_open_remote  
   145da CODE       _async_close_remote 
   14608 CODE       _async_send_data    
   1466e CODE       _BUS_free_alarm     
   14686 CODE       _BUS_timer_timeout_check
   146da CODE       _BUS_alarm_ticker_update
   147e2 CODE       _PMM_setVCoreUp     
   148dc CODE       _PMM_setVCoreDown   
   14996 CODE       _PMM_setVCore       
   149d6 CODE       _ctl_handle_error   
   149e8 CODE       _err_decode_arcbus  
   150d0 CODE       _BUS_error_str      
   151a0 CODE       _BUS_cmdtostr       
   1534c CODE       _BUS_cmd_resptostr  
   153d2 CODE       _bus_flags_tostr    
   153f2 CODE       _bus_version_err_tostr
   15474 CODE       _reset_bor          
   154a6 CODE       _main_return        
   154ba CODE       _startup_error_check
   15702 CODE       _err_register_handler
   157ba CODE       _error_init         
   157dc CODE       _error_recording_start
   15878 CODE       _set_error_level    
   15884 CODE       _get_error_level    
   1588a CODE       __record_error      
   15934 CODE       _record_error       
   15978 CODE       _ERR_lev_str        
   159b6 CODE       _err_do_decode      
   15a3e CODE       _print_error        
   15a8c CODE       _report_error       
   15acc CODE       _clear_saved_errors 
   15afe CODE       _error_log_mem_replay
   15b80 CODE       _error_log_replay   
   15c42 CODE       _make_args          
   15cac CODE       _helpCmd            
   15d5e CODE       _doCmd              
   15de2 CODE       _hist_incr          
   15dee CODE       _hist_decr          
   15dfa CODE       _terminal           
   160b2 CODE       _mmcInitChkCmd      
   160e0 CODE       _mmc_write          
   16180 CODE       _mmc_read           
   16218 CODE       _mmc_dump           
   16374 CODE       _mmcdat_Cmd         
   16536 CODE       _mmc_cardSize       
   16582 CODE       _mmc_eraseCmd       
   16612 CODE       _dat_next           
   1664c CODE       _mmc_TstCmd         
   168c4 CODE       _mmc_multiWTstCmd   
   16a1c CODE       _mmc_multiRTstCmd   
   16cf8 CODE       _mmc_reinit         
   16d18 CODE       _mmcDMA_Cmd         
   16d36 CODE       _mmcreg_Cmd         
   16dea CODE       _I2C_addr_lookup    
   16e32 CODE       _I2C_addr_revlookup 
   16e6a CODE       _getI2C_addr        
   16f34 CODE       _restCmd            
   16fea CODE       _timeCmd            
   17000 CODE       _txCmd              
   1717e CODE       _spiCmd             
   17290 CODE       _ARCsearch_Cmd      
   17346 CODE       _ARClib_version_Cmd 
   17358 CODE       _errReq_Cmd         
   17518 CODE       _priorityCmd        
   175cc CODE       _timesliceCmd       
   17634 CODE       _stateName          
   176b6 CODE       _statsCmd           
   17718 CODE       _stackCmd           
   17762 CODE       _parse_log_level    
   1783c CODE       _replayCmd          
   178c8 CODE       _clearErrCmd        
   178ec CODE       _logCmd             
   17972 CODE       _SD_error_str       
   17b80 CODE       _UCA2_init_UART     
   17c5c CODE       _UCA2_TxChar        
   17c98 CODE       _UCA2_Getc          
   17cb4 CODE       _SPISetup           
   17cca CODE       _SPI_fast           
   17cdc CODE       _SPI_slow           
   17cec CODE       _spiSendByte        
   17d24 CODE       _spiDummyClk        
   17d5a CODE       _spiReadFrame       
   17e12 CODE       _spiSendFrame       
   17ebc CODE       _mmc_is_init        
   17ed8 CODE       _mmcUnlock          
   17f14 CODE       _mmcLock            
   17f4c CODE       _mmc_pins_on        
   17f70 CODE       __mmc_pins_map      
   17f92 CODE       _mmcInit_msp        
   17fa4 CODE       _mmcReInit_card     
   17ff4 CODE       _mmcInit_card       
   18008 CODE       _mmcGoIdle          
   18360 CODE       _mmc_R1             
   1839c CODE       _mmc_R2             
   183d8 CODE       _mmc_busy           
   18412 CODE       _mmc_R1b            
   18458 CODE       _mmc_dat_resp       
   184ea CODE       _mmc_token          
   18520 CODE       _mmcReadBlock       
   18608 CODE       _mmcReadBlocks      
   1876a CODE       _mmcWriteBlock      
   18864 CODE       _mmcWriteMultiBlock 
   189bc CODE       _mmcSendCmd         
   18a2e CODE       _mmcErase           
   18b06 CODE       _mmcReadReg         
   18b80 CODE       _mmcGetCardSize     
   18cc4 CODE       _SD_DMA_is_enabled  
   18cc8 CODE       ___int32_mul        
   18cea CODE       ___int16_div        
   18d10 CODE       ___int16_mod        
   18d36 CODE       ___int16_mul        
   18d4c CODE       ___int64_mul        
   18dba CODE       ___int64_lsl        
   18dcc CODE       ___int64_lsr        
   18e2c CODE       ___uint64_mod       
   18e4c CODE       ___uint16_div       
   18e64 CODE       ___uint16_mod       
   18e6c CODE       ___uint32_div       
   18e76 CODE       ___uint32_divmod    
   18e9e CODE       ___uint64_div       
   18ec6 CODE       ___uint64_divmod    
   18f02 CODE       ___digit            
   18f48 CODE       ___getc             
   18f76 CODE       ___RAL_pow10        
   18fcc CODE       ___strtoul          
   190ea CODE       ___putc             
   19134 CODE       ___RAL_print_padding
   19152 CODE       ___RAL_pre_padding  
   1917c CODE       _abs                
   1918c CODE       _atoi               
   191b2 CODE       _atol               
   191dc CODE       ___RAL_isctype      
   191fa CODE       _isupper            
   1920c CODE       _islower            
   1921e CODE       _isdigit            
   1922e CODE       _isspace            
   1923e CODE       _isprint            
   19250 CODE       _iscntrl            
   19262 CODE       ___errno            
   1926c CODE       _getchar            
   1928a CODE       ___RAL_global_locale_category
   1935a CODE       _printf             
   19396 CODE       _puts               
   193d0 CODE       _sprintf            
   19400 CODE       _sscanf             
   1942e CODE       _strcat             
   1944e CODE       _strcmp             
   1946e CODE       _strcpy             
   19484 CODE       _strncmp            
   194b2 CODE       _strlcpy            
   194f6 CODE       _strnlen            
   19510 CODE       _strtol             
   195bc CODE       _strtoul            
   19670 CODE       ___RAL_init_mbstate 
   1967e CODE       ___RAL_ascii_mbtowc 
   196c4 CODE       ___RAL_ascii_wctomb 
   196ec CODE       _memcpy             
   196fc CODE       _memset             
   1970c CODE       _strlen             
   1971c CODE       ___float32_isinf    
   19736 CODE       ___float32_isnan    
   1974e CODE       ___float32_signbit  
   1975e CODE       ___uint64_to_float32
   19882 CODE       ___float32_to_int64 
   19934 CODE       ___float32_add      
   19a26 CODE       ___float32_sub      
   19a32 CODE       ___float32_mul      
   19b0a CODE       ___float32_div      
   19bc8 CODE       ___float32_lt       
   19be4 CODE       ___float32_eq       
   19bf4 CODE       ___int16_to_float32 
   19c00 CODE       ___uint16_to_float32
   19c0a CODE       ___uint16_to_float32_aux
   19c2a CODE       _modff              
   19cc0 CODE       _floorf             
   19cc0 CODE       _floor              
   19d90 CODE       _fmod               
   19d90 CODE       _fmodf              
   19f14 CODE       _fabsf              
   19f1a CODE       _ldexp              
   19f56 CODE       _frexp              
