
SYMBOLS BY NAME

      80            CTL_IRQ_STACK_SIZE  
    3e96 UDATA0     _ARC_bus_helper_task
    40b6 UDATA0     _ARC_bus_task       
   177ae CODE       _ARC_setup          
   10d69 CONST      _ARClib_version     
   1b2e0 CODE       _ARClib_version_Cmd 
   10d7c CONST      _ARClib_vstruct     
   1b22a CODE       _ARCsearch_Cmd      
   17062 CODE       _BUS_I2C_release    
    3eb2 UDATA0     _BUS_INT_events     
   17000 CODE       _BUS_OA_check       
   17396 CODE       _BUS_SPI_txrx       
   16f90 CODE       _BUS_addr_to_flags  
   18674 CODE       _BUS_alarm_ticker_update
   16fe6 CODE       _BUS_cmd_init       
   192e6 CODE       _BUS_cmd_resptostr  
   170fe CODE       _BUS_cmd_tx         
   1913a CODE       _BUS_cmdtostr       
   1906a CODE       _BUS_error_str      
   16f1a CODE       _BUS_flags_to_addr  
   18608 CODE       _BUS_free_alarm     
   184d2 CODE       _BUS_free_buffer    
   16e9e CODE       _BUS_get_OA         
   184aa CODE       _BUS_get_buffer     
   184a4 CODE       _BUS_get_buffer_size
    3eb4 UDATA0     _BUS_helper_events  
   1849a CODE       _BUS_init_buffer    
   17950 CODE       _BUS_register_cmd_callback
    3eb6 UDATA0     _BUS_stack          
    50c8 THREAD     _BUS_thread_addr_flags
   18620 CODE       _BUS_timer_timeout_check
    4356 UDATA0     _DMA_events         
    c5c6 ISR        _DMA_int            
   19912 CODE       _ERR_lev_str        
   1ad84 CODE       _I2C_addr_lookup    
   1adcc CODE       _I2C_addr_revlookup 
    c870 ISR        _I2C_dat            
    4116 UDATA0     _I2C_rx_buf         
    4114 UDATA0     _I2C_rx_in          
    4112 UDATA0     _I2C_rx_out         
    50b6 UDATA0     _I2C_stat           
    1c0a IDATA0     _LEDL_parse         
   143f6 CODE       _LEDL_parseCmd      
   18930 CODE       _PMM_setVCore       
   18876 CODE       _PMM_setVCoreDown   
   1877c CODE       _PMM_setVCoreUp     
   1cc7a CODE       _SD_DMA_is_enabled  
   1b90c CODE       _SD_error_str       
   138c2 CODE       _SD_read            
   13834 CODE       _SD_write           
   1bc6a CODE       _SPISetup           
   176e2 CODE       _SPI_deactivate     
   1bc80 CODE       _SPI_fast           
   176ae CODE       _SPI_master_setup   
   176c8 CODE       _SPI_slave_setup    
   1bc92 CODE       _SPI_slow           
    40ee UDATA0     _SUB_events         
    c68c ISR        _SYS_NMI            
    3be2 UDATA0     _SYS_evt            
    c00c ISR        _Timer_A2_A0        
    c012 ISR        _Timer_A2_A1        
   1bc4e CODE       _UCA2_CheckKey      
   1bc32 CODE       _UCA2_Getc          
    c80e ISR        _UCA2_ISR           
    4f66 UDATA0     _UCA2_RxBuf         
    500a UDATA0     _UCA2_TxBuf         
   1bbf6 CODE       _UCA2_TxChar        
   1bb1a CODE       _UCA2_init_UART     
   1456c CODE       _VCC_ON_OFF         
   13450 CONST      ___RAL_ascii_ctype_map
   1d882 CODE       ___RAL_ascii_mbtowc 
   1d8c8 CODE       ___RAL_ascii_wctomb 
   1362a CONST      ___RAL_c_locale     
   13528 CONST      ___RAL_c_locale_abbrev_day_names
   1359c CONST      ___RAL_c_locale_abbrev_month_names
   135cd CONST      ___RAL_c_locale_am_pm_indicator
   135f8 CONST      ___RAL_c_locale_data
   135d4 CONST      ___RAL_c_locale_date_format
   135e6 CONST      ___RAL_c_locale_date_time_format
   134ee CONST      ___RAL_c_locale_day_names
   13545 CONST      ___RAL_c_locale_month_names
   135dd CONST      ___RAL_c_locale_time_format
   134de CONST      ___RAL_codeset_ascii
   135f7 CONST      ___RAL_data_empty_string
   135f5 CONST      ___RAL_data_utf8_period
    1c3e IDATA0     ___RAL_global_locale
   1d48e CODE       ___RAL_global_locale_category
   13428 CONST      ___RAL_hex_lc       
   13418 CONST      ___RAL_hex_uc       
   1d874 CODE       ___RAL_init_mbstate 
   1d3e0 CODE       ___RAL_isctype      
   1d17a CODE       ___RAL_pow10        
   1d356 CODE       ___RAL_pre_padding  
   1d338 CODE       ___RAL_print_padding
   16df0 CODE       ___RAL_read_tp      
    1c00            ___RAM_Address      
    8000            ___RAM_Size         
    1c00            ___begin_IDATA0     
    50c8            ___begin_THREAD     
    1c48            ___begin_UDATA0     
     4da            ___crt_mac32h       
     4d8            ___crt_mac32l       
     4c0            ___crt_mpy          
     4d2            ___crt_mpy32h       
     4d0            ___crt_mpy32l       
     4c8            ___crt_op2          
     4e2            ___crt_op2h         
     4e0            ___crt_op2l         
     4e4            ___crt_res0         
     4e6            ___crt_res1         
     4e8            ___crt_res2         
     4ea            ___crt_res3         
     4ca            ___crt_reslo        
   1d106 CODE       ___digit            
    1c48            ___end_IDATA0       
    50cc            ___end_THREAD       
    50c8            ___end_UDATA0       
   1d466 CODE       ___errno            
   1db38 CODE       ___float32_add      
   1dd0e CODE       ___float32_div      
   1dde8 CODE       ___float32_eq       
   1d920 CODE       ___float32_isinf    
   1d93a CODE       ___float32_isnan    
   1ddcc CODE       ___float32_lt       
   1dc36 CODE       ___float32_mul      
   13632 CONST      ___float32_nan      
   1d952 CODE       ___float32_signbit  
   1dc2a CODE       ___float32_sub      
   1de2e CODE       ___float32_to_int16 
   1da86 CODE       ___float32_to_int64 
   1d14c CODE       ___getc             
   13646 CODE       ___getchar          
   1ceee CODE       ___int16_div        
   1cf14 CODE       ___int16_mod        
   1cf3a CODE       ___int16_mul        
   1ddf8 CODE       ___int16_to_float32 
   1cecc CODE       ___int32_mul        
   1cfbe CODE       ___int64_lsl        
   1cfd0 CODE       ___int64_lsr        
   1cf50 CODE       ___int64_mul        
   16502 CODE       ___printf_lock      
   1651e CODE       ___printf_unlock    
   1d2ee CODE       ___putc             
   13636 CODE       ___putchar          
   1d1d0 CODE       ___strtoul          
    c7ea ISR        ___thunk_ARClib_version_Cmd
    c7e6 ISR        ___thunk_ARCsearch_Cmd
    c034 ISR        ___thunk_LEDL_parseCmd
    c01c ISR        ___thunk_SD_read    
    c018 ISR        ___thunk_SD_write   
    c962 ISR        ___thunk___RAL_ascii_mbtowc
    c966 ISR        ___thunk___RAL_ascii_wctomb
    c000 ISR        ___thunk___putchar  
    c806 ISR        ___thunk_clearErrCmd
    c7ee ISR        ___thunk_errReq_Cmd 
    c796 ISR        ___thunk_err_decode_arcbus
    c004 ISR        ___thunk_example_command
    c008 ISR        ___thunk_example_timer_IR
    c030 ISR        ___thunk_get_Acceleration
    c79a ISR        ___thunk_helpCmd    
    c02c ISR        ___thunk_initalize_acc
    c80a ISR        ___thunk_logCmd     
    c7ce ISR        ___thunk_mmcDMA_Cmd 
    c7a2 ISR        ___thunk_mmcInitChkCmd
    c7be ISR        ___thunk_mmc_TstCmd 
    c7b6 ISR        ___thunk_mmc_cardSize
    c7ae ISR        ___thunk_mmc_dump   
    c7ba ISR        ___thunk_mmc_eraseCmd
    c7c6 ISR        ___thunk_mmc_multiRTstCmd
    c7c2 ISR        ___thunk_mmc_multiWTstCmd
    c7aa ISR        ___thunk_mmc_read   
    c7ca ISR        ___thunk_mmc_reinit 
    c7a6 ISR        ___thunk_mmc_write  
    c7b2 ISR        ___thunk_mmcdat_Cmd 
    c7d2 ISR        ___thunk_mmcreg_Cmd 
    c7f2 ISR        ___thunk_priorityCmd
    c802 ISR        ___thunk_replayCmd  
    c7d6 ISR        ___thunk_restCmd    
    c024 ISR        ___thunk_rotationVector
    c020 ISR        ___thunk_send_I2C   
    c7e2 ISR        ___thunk_spiCmd     
    c7fe ISR        ___thunk_stackCmd   
    c7fa ISR        ___thunk_statsCmd   
    c038 ISR        ___thunk_sub_events 
    c03c ISR        ___thunk_sys_events 
    c028 ISR        ___thunk_temp       
    c79e ISR        ___thunk_terminal   
    c7da ISR        ___thunk_timeCmd    
    c7f6 ISR        ___thunk_timesliceCmd
    c7de ISR        ___thunk_txCmd      
   1d050 CODE       ___uint16_div       
   1d068 CODE       ___uint16_mod       
   1de04 CODE       ___uint16_to_float32
   1de0e CODE       ___uint16_to_float32_aux
   1d070 CODE       ___uint32_div       
   1d07a CODE       ___uint32_divmod    
   1d0a2 CODE       ___uint64_div       
   1d0ca CODE       ___uint64_divmod    
   1d030 CODE       ___uint64_mod       
   1d962 CODE       ___uint64_to_float32
    1c3c IDATA0     ___ungot            
    50c6 UDATA0     ___user_format_extender
   14598 CODE       ___vfprintf         
   14598 CODE       ___vfprintf_float_long_long
   15d5c CODE       ___vfscanf          
   15d5c CODE       ___vfscanf_float_long_long_cc
   1bf26 CODE       __mmc_pins_map      
   19824 CODE       __record_error      
   1d380 CODE       _abs                
    1c06 IDATA0     _acc                
    c040 ISR        _adc_int            
    1c10 IDATA0     _adccount           
    3be6 UDATA0     _adctemparray1      
   17036 CODE       _addr_chk           
    49aa UDATA0     _alarms             
    40f0 UDATA0     _arcBus_stat        
    1c28 IDATA0     _async_addr         
   18574 CODE       _async_close_remote 
   184dc CODE       _async_isOpen       
   184e2 CODE       _async_open_remote  
    498e UDATA0     _async_rxQ          
   185a2 CODE       _async_send_data    
    1c2a IDATA0     _async_timer        
    499c UDATA0     _async_txQ          
   1d390 CODE       _atoi               
   1d3b6 CODE       _atol               
    475c UDATA0     _buffer_mutex       
   126aa CONST      _busAddrSym         
    c0c8 ISR        _bus_I2C_isr        
    c504 ISR        _bus_SPI_isr        
   1936c CODE       _bus_flags_tostr    
    c510 ISR        _bus_int            
    c646 ISR        _bus_resend         
   1938c CODE       _bus_version_err_tostr
    3be4 UDATA0     _check_adc_read     
   1b862 CODE       _clearErrCmd        
   19a66 CODE       _clear_saved_errors 
    1c2c IDATA0     _closed_event       
    1c2e IDATA0     _closed_flag        
    1c24 IDATA0     _cmd_parse_list     
   1005a CONST      _cmd_tbl            
   1763a CODE       _crc16              
   17608 CODE       _crc7               
    3c84 UDATA0     _crc_mutex          
   1691c CODE       _ctl_byte_queue_init
   16cea CODE       _ctl_byte_queue_post
   16a64 CODE       _ctl_byte_queue_post_multi
   16c0a CODE       _ctl_byte_queue_post_multi_nb
   16d3e CODE       _ctl_byte_queue_post_nb
   16d18 CODE       _ctl_byte_queue_receive
   16b3c CODE       _ctl_byte_queue_receive_multi
   16c7a CODE       _ctl_byte_queue_receive_multi_nb
   16d58 CODE       _ctl_byte_queue_receive_nb
    3bf8 UDATA0     _ctl_current_time   
   16e1a CODE       _ctl_enter_isr      
   16532 CODE       _ctl_events_init    
   166c6 CODE       _ctl_events_set_clear
   16546 CODE       _ctl_events_wait    
   16e4e CODE       _ctl_exit_isr       
   164ea CODE       _ctl_get_current_time
   16e86 CODE       _ctl_global_interrupts_set
   18970 CODE       _ctl_handle_error   
   16470 CODE       _ctl_increment_tick_from_isr
    3bfd UDATA0     _ctl_interrupt_count
    3bf4 UDATA0     _ctl_last_schedule_time
    1c18 IDATA0     _ctl_libc_mutex     
   16726 CODE       _ctl_mutex_init     
   16752 CODE       _ctl_mutex_lock     
   1673e CODE       _ctl_mutex_lock_uc  
   16856 CODE       _ctl_mutex_unlock   
   161a0 CODE       _ctl_private_add_to_task_list
   16642 CODE       _ctl_private_events_schedule
   16d6c CODE       _ctl_private_get_stack_start
   16d72 CODE       _ctl_private_get_thread_local_storage
   16d78 CODE       _ctl_private_init_registers
   16dda CODE       _ctl_private_init_thread_local_storage
   161ee CODE       _ctl_private_remove_from_task_list
   16228 CODE       _ctl_private_reschedule
   16dfe CODE       _ctl_private_reschedule_from_api_call
    3bfc UDATA0     _ctl_reschedule_on_last_isr_exit
   163c8 CODE       _ctl_task_die       
    3bfe UDATA0     _ctl_task_executing 
   16300 CODE       _ctl_task_init      
    3c00 UDATA0     _ctl_task_list      
   1633c CODE       _ctl_task_run       
   163f0 CODE       _ctl_task_set_priority
    3bf2 UDATA0     _ctl_task_switch_callout
    1c16 IDATA0     _ctl_time_increment 
   1642e CODE       _ctl_timeout_wait   
    1c12 IDATA0     _ctl_timeslice_period
   1a5ac CODE       _dat_next           
   19cf8 CODE       _doCmd              
   1b2f2 CODE       _errReq_Cmd         
   18982 CODE       _err_decode_arcbus  
   19950 CODE       _err_do_decode      
   1969c CODE       _err_register_handler
   19754 CODE       _error_init         
   19a98 CODE       _error_log_mem_replay
   19b1a CODE       _error_log_replay   
   19776 CODE       _error_recording_start
   13746 CODE       _example_command    
   137ca CODE       _example_timer_IR   
   1e154 CODE       _fabsf              
   1df00 CODE       _floor              
   1df00 CODE       _floorf             
   1dfd0 CODE       _fmod               
   1dfd0 CODE       _fmodf              
   1e196 CODE       _frexp              
   1ae04 CODE       _getI2C_addr        
   13dae CODE       _getX_Rotation      
   13ee2 CODE       _getY_Rotation      
   14016 CODE       _getZ_Rotation      
   142c8 CODE       _get_Acceleration   
   1981e CODE       _get_error_level    
   1766e CODE       _get_ticker_time    
   1d470 CODE       _getchar            
   19c46 CODE       _helpCmd            
    3ca2 UDATA0     _helper_stack       
   19d88 CODE       _hist_decr          
   19d7c CODE       _hist_incr          
   1cd66 CODE       _i2c_rx             
   1ccde CODE       _i2c_tx             
    40d2 UDATA0     _idle_task          
   17842 CODE       _initARCbus         
   176f2 CODE       _initCLK            
   1ce18 CODE       _initI2C            
   17758 CODE       _initSVS            
   1773c CODE       _init_timerA        
   14210 CODE       _initalize_acc      
   1d454 CODE       _iscntrl            
   1d422 CODE       _isdigit            
   1d410 CODE       _islower            
   1d442 CODE       _isprint            
   1d432 CODE       _isspace            
   1d3fe CODE       _isupper            
   1e15a CODE       _ldexp              
   144f2 CODE       _ledl_pin_setup     
   1b886 CODE       _logCmd             
   1364c CODE       _main               
   18450 CODE       _mainLoop           
   19440 CODE       _main_return        
   19bdc CODE       _make_args          
   1d8f0 CODE       _memcpy             
   1d900 CODE       _memset             
   1acb2 CODE       _mmcDMA_Cmd         
   1c9e4 CODE       _mmcErase           
   1cb36 CODE       _mmcGetCardSize     
   1bfbe CODE       _mmcGoIdle          
   1a04c CODE       _mmcInitChkCmd      
   1bfaa CODE       _mmcInit_card       
   1bf48 CODE       _mmcInit_msp        
   1beca CODE       _mmcLock            
   1bf5a CODE       _mmcReInit_card     
   1c4d6 CODE       _mmcReadBlock       
   1c5be CODE       _mmcReadBlocks      
   1cabc CODE       _mmcReadReg         
   1c972 CODE       _mmcSendCmd         
    1c34 IDATA0     _mmcStat            
   1be8e CODE       _mmcUnlock          
   1c720 CODE       _mmcWriteBlock      
   1c81a CODE       _mmcWriteMultiBlock 
    c864 ISR        _mmc_ISR            
   1c316 CODE       _mmc_R1             
   1c3c8 CODE       _mmc_R1b            
   1c352 CODE       _mmc_R2             
   1a5e6 CODE       _mmc_TstCmd         
   1c38e CODE       _mmc_busy           
   1a4d0 CODE       _mmc_cardSize       
   1c40e CODE       _mmc_dat_resp       
   1a1b2 CODE       _mmc_dump           
   1a51c CODE       _mmc_eraseCmd       
   1be72 CODE       _mmc_is_init        
   1a9b6 CODE       _mmc_multiRTstCmd   
   1a85e CODE       _mmc_multiWTstCmd   
   1bf02 CODE       _mmc_pins_on        
   1a11a CODE       _mmc_read           
   1ac92 CODE       _mmc_reinit         
   1c4a0 CODE       _mmc_token          
   1a07a CODE       _mmc_write          
   1a30e CODE       _mmcdat_Cmd         
   1acd0 CODE       _mmcreg_Cmd         
   1de6a CODE       _modff              
    49ca UDATA0     _next_idx           
   1b6fc CODE       _parse_log_level    
    1c00 IDATA0     _port               
    1c22 IDATA0     _powerState         
   199d8 CODE       _print_error        
   1d55e CODE       _printf             
   1b4b2 CODE       _priorityCmd        
   1d59a CODE       _puts               
    3bdc UDATA0     _pwrup              
   17940 CODE       _readTA1            
   198ce CODE       _record_error       
   1b7d6 CODE       _replayCmd          
   19a26 CODE       _report_error       
   1940e CODE       _reset_bor          
   1aece CODE       _restCmd            
    3be0 UDATA0     _ret                
   1414a CODE       _rotationVector     
    4762 UDATA0     _rxbuf              
    49ba UDATA0     _saved_error        
    1c04 IDATA0     _scl                
    1c02 IDATA0     _sda                
   13d0e CODE       _send_I2C           
   19812 CODE       _set_error_level    
   17686 CODE       _setget_ticker_time 
   1b118 CODE       _spiCmd             
   1bcda CODE       _spiDummyClk        
   1bd10 CODE       _spiReadFrame       
   1bca2 CODE       _spiSendByte        
   1bdc8 CODE       _spiSendFrame       
   1d5d4 CODE       _sprintf            
   1d604 CODE       _sscanf             
   1b6b2 CODE       _stackCmd           
   14590 CODE       _start_ADC_sampeling
   17750 CODE       _start_timerA       
   19454 CODE       _startup_error_check
    3bde UDATA0     _stat               
   1b5ce CODE       _stateName          
   1b650 CODE       _statsCmd           
   1d632 CODE       _strcat             
   1d652 CODE       _strcmp             
   1d672 CODE       _strcpy             
   1d6b6 CODE       _strlcpy            
   1d910 CODE       _strlen             
   1d688 CODE       _strncmp            
   1d6fa CODE       _strnlen            
   1d714 CODE       _strtol             
   1d7c0 CODE       _strtoul            
   1440c CODE       _sub_events         
    1c48 UDATA0     _sub_stack          
    3ba4 UDATA0     _sub_task           
   1449c CODE       _sys_events         
    2418 UDATA0     _sys_stack          
    3b88 UDATA0     _sys_task           
    c60c ISR        _task_tick          
    c0aa ISR        _task_tick_forADC   
   1419a CODE       _temp               
   19d94 CODE       _terminal           
    2be8 UDATA0     _terminal_stack     
    3bc0 UDATA0     _terminal_task      
    3c8a UDATA0     _ticker_time        
   1af84 CODE       _timeCmd            
   1b566 CODE       _timesliceCmd       
   14580 CODE       _turn_on_all_sensors
   1af9a CODE       _txCmd              
    488e UDATA0     _txbuf              
   10dd4 CONST      thread_init_begin   
   10dd8 CONST      thread_init_end     


SYMBOLS BY VALUE

      80            CTL_IRQ_STACK_SIZE  
     4c0            ___crt_mpy          
     4c8            ___crt_op2          
     4ca            ___crt_reslo        
     4d0            ___crt_mpy32l       
     4d2            ___crt_mpy32h       
     4d8            ___crt_mac32l       
     4da            ___crt_mac32h       
     4e0            ___crt_op2l         
     4e2            ___crt_op2h         
     4e4            ___crt_res0         
     4e6            ___crt_res1         
     4e8            ___crt_res2         
     4ea            ___crt_res3         
    1c00            ___RAM_Address      
    1c00 IDATA0     _port               
    1c00            ___begin_IDATA0     
    1c02 IDATA0     _sda                
    1c04 IDATA0     _scl                
    1c06 IDATA0     _acc                
    1c0a IDATA0     _LEDL_parse         
    1c10 IDATA0     _adccount           
    1c12 IDATA0     _ctl_timeslice_period
    1c16 IDATA0     _ctl_time_increment 
    1c18 IDATA0     _ctl_libc_mutex     
    1c22 IDATA0     _powerState         
    1c24 IDATA0     _cmd_parse_list     
    1c28 IDATA0     _async_addr         
    1c2a IDATA0     _async_timer        
    1c2c IDATA0     _closed_event       
    1c2e IDATA0     _closed_flag        
    1c34 IDATA0     _mmcStat            
    1c3c IDATA0     ___ungot            
    1c3e IDATA0     ___RAL_global_locale
    1c48 UDATA0     _sub_stack          
    1c48            ___begin_UDATA0     
    1c48            ___end_IDATA0       
    2418 UDATA0     _sys_stack          
    2be8 UDATA0     _terminal_stack     
    3b88 UDATA0     _sys_task           
    3ba4 UDATA0     _sub_task           
    3bc0 UDATA0     _terminal_task      
    3bdc UDATA0     _pwrup              
    3bde UDATA0     _stat               
    3be0 UDATA0     _ret                
    3be2 UDATA0     _SYS_evt            
    3be4 UDATA0     _check_adc_read     
    3be6 UDATA0     _adctemparray1      
    3bf2 UDATA0     _ctl_task_switch_callout
    3bf4 UDATA0     _ctl_last_schedule_time
    3bf8 UDATA0     _ctl_current_time   
    3bfc UDATA0     _ctl_reschedule_on_last_isr_exit
    3bfd UDATA0     _ctl_interrupt_count
    3bfe UDATA0     _ctl_task_executing 
    3c00 UDATA0     _ctl_task_list      
    3c84 UDATA0     _crc_mutex          
    3c8a UDATA0     _ticker_time        
    3ca2 UDATA0     _helper_stack       
    3e96 UDATA0     _ARC_bus_helper_task
    3eb2 UDATA0     _BUS_INT_events     
    3eb4 UDATA0     _BUS_helper_events  
    3eb6 UDATA0     _BUS_stack          
    40b6 UDATA0     _ARC_bus_task       
    40d2 UDATA0     _idle_task          
    40ee UDATA0     _SUB_events         
    40f0 UDATA0     _arcBus_stat        
    4112 UDATA0     _I2C_rx_out         
    4114 UDATA0     _I2C_rx_in          
    4116 UDATA0     _I2C_rx_buf         
    4356 UDATA0     _DMA_events         
    475c UDATA0     _buffer_mutex       
    4762 UDATA0     _rxbuf              
    488e UDATA0     _txbuf              
    498e UDATA0     _async_rxQ          
    499c UDATA0     _async_txQ          
    49aa UDATA0     _alarms             
    49ba UDATA0     _saved_error        
    49ca UDATA0     _next_idx           
    4f66 UDATA0     _UCA2_RxBuf         
    500a UDATA0     _UCA2_TxBuf         
    50b6 UDATA0     _I2C_stat           
    50c6 UDATA0     ___user_format_extender
    50c8            ___begin_THREAD     
    50c8            ___end_UDATA0       
    50c8 THREAD     _BUS_thread_addr_flags
    50cc            ___end_THREAD       
    8000            ___RAM_Size         
    c000 ISR        ___thunk___putchar  
    c004 ISR        ___thunk_example_command
    c008 ISR        ___thunk_example_timer_IR
    c00c ISR        _Timer_A2_A0        
    c012 ISR        _Timer_A2_A1        
    c018 ISR        ___thunk_SD_write   
    c01c ISR        ___thunk_SD_read    
    c020 ISR        ___thunk_send_I2C   
    c024 ISR        ___thunk_rotationVector
    c028 ISR        ___thunk_temp       
    c02c ISR        ___thunk_initalize_acc
    c030 ISR        ___thunk_get_Acceleration
    c034 ISR        ___thunk_LEDL_parseCmd
    c038 ISR        ___thunk_sub_events 
    c03c ISR        ___thunk_sys_events 
    c040 ISR        _adc_int            
    c0aa ISR        _task_tick_forADC   
    c0c8 ISR        _bus_I2C_isr        
    c504 ISR        _bus_SPI_isr        
    c510 ISR        _bus_int            
    c5c6 ISR        _DMA_int            
    c60c ISR        _task_tick          
    c646 ISR        _bus_resend         
    c68c ISR        _SYS_NMI            
    c796 ISR        ___thunk_err_decode_arcbus
    c79a ISR        ___thunk_helpCmd    
    c79e ISR        ___thunk_terminal   
    c7a2 ISR        ___thunk_mmcInitChkCmd
    c7a6 ISR        ___thunk_mmc_write  
    c7aa ISR        ___thunk_mmc_read   
    c7ae ISR        ___thunk_mmc_dump   
    c7b2 ISR        ___thunk_mmcdat_Cmd 
    c7b6 ISR        ___thunk_mmc_cardSize
    c7ba ISR        ___thunk_mmc_eraseCmd
    c7be ISR        ___thunk_mmc_TstCmd 
    c7c2 ISR        ___thunk_mmc_multiWTstCmd
    c7c6 ISR        ___thunk_mmc_multiRTstCmd
    c7ca ISR        ___thunk_mmc_reinit 
    c7ce ISR        ___thunk_mmcDMA_Cmd 
    c7d2 ISR        ___thunk_mmcreg_Cmd 
    c7d6 ISR        ___thunk_restCmd    
    c7da ISR        ___thunk_timeCmd    
    c7de ISR        ___thunk_txCmd      
    c7e2 ISR        ___thunk_spiCmd     
    c7e6 ISR        ___thunk_ARCsearch_Cmd
    c7ea ISR        ___thunk_ARClib_version_Cmd
    c7ee ISR        ___thunk_errReq_Cmd 
    c7f2 ISR        ___thunk_priorityCmd
    c7f6 ISR        ___thunk_timesliceCmd
    c7fa ISR        ___thunk_statsCmd   
    c7fe ISR        ___thunk_stackCmd   
    c802 ISR        ___thunk_replayCmd  
    c806 ISR        ___thunk_clearErrCmd
    c80a ISR        ___thunk_logCmd     
    c80e ISR        _UCA2_ISR           
    c864 ISR        _mmc_ISR            
    c870 ISR        _I2C_dat            
    c962 ISR        ___thunk___RAL_ascii_mbtowc
    c966 ISR        ___thunk___RAL_ascii_wctomb
   1005a CONST      _cmd_tbl            
   10d69 CONST      _ARClib_version     
   10d7c CONST      _ARClib_vstruct     
   10dd4 CONST      thread_init_begin   
   10dd8 CONST      thread_init_end     
   126aa CONST      _busAddrSym         
   13418 CONST      ___RAL_hex_uc       
   13428 CONST      ___RAL_hex_lc       
   13450 CONST      ___RAL_ascii_ctype_map
   134de CONST      ___RAL_codeset_ascii
   134ee CONST      ___RAL_c_locale_day_names
   13528 CONST      ___RAL_c_locale_abbrev_day_names
   13545 CONST      ___RAL_c_locale_month_names
   1359c CONST      ___RAL_c_locale_abbrev_month_names
   135cd CONST      ___RAL_c_locale_am_pm_indicator
   135d4 CONST      ___RAL_c_locale_date_format
   135dd CONST      ___RAL_c_locale_time_format
   135e6 CONST      ___RAL_c_locale_date_time_format
   135f5 CONST      ___RAL_data_utf8_period
   135f7 CONST      ___RAL_data_empty_string
   135f8 CONST      ___RAL_c_locale_data
   1362a CONST      ___RAL_c_locale     
   13632 CONST      ___float32_nan      
   13636 CODE       ___putchar          
   13646 CODE       ___getchar          
   1364c CODE       _main               
   13746 CODE       _example_command    
   137ca CODE       _example_timer_IR   
   13834 CODE       _SD_write           
   138c2 CODE       _SD_read            
   13d0e CODE       _send_I2C           
   13dae CODE       _getX_Rotation      
   13ee2 CODE       _getY_Rotation      
   14016 CODE       _getZ_Rotation      
   1414a CODE       _rotationVector     
   1419a CODE       _temp               
   14210 CODE       _initalize_acc      
   142c8 CODE       _get_Acceleration   
   143f6 CODE       _LEDL_parseCmd      
   1440c CODE       _sub_events         
   1449c CODE       _sys_events         
   144f2 CODE       _ledl_pin_setup     
   1456c CODE       _VCC_ON_OFF         
   14580 CODE       _turn_on_all_sensors
   14590 CODE       _start_ADC_sampeling
   14598 CODE       ___vfprintf         
   14598 CODE       ___vfprintf_float_long_long
   15d5c CODE       ___vfscanf          
   15d5c CODE       ___vfscanf_float_long_long_cc
   161a0 CODE       _ctl_private_add_to_task_list
   161ee CODE       _ctl_private_remove_from_task_list
   16228 CODE       _ctl_private_reschedule
   16300 CODE       _ctl_task_init      
   1633c CODE       _ctl_task_run       
   163c8 CODE       _ctl_task_die       
   163f0 CODE       _ctl_task_set_priority
   1642e CODE       _ctl_timeout_wait   
   16470 CODE       _ctl_increment_tick_from_isr
   164ea CODE       _ctl_get_current_time
   16502 CODE       ___printf_lock      
   1651e CODE       ___printf_unlock    
   16532 CODE       _ctl_events_init    
   16546 CODE       _ctl_events_wait    
   16642 CODE       _ctl_private_events_schedule
   166c6 CODE       _ctl_events_set_clear
   16726 CODE       _ctl_mutex_init     
   1673e CODE       _ctl_mutex_lock_uc  
   16752 CODE       _ctl_mutex_lock     
   16856 CODE       _ctl_mutex_unlock   
   1691c CODE       _ctl_byte_queue_init
   16a64 CODE       _ctl_byte_queue_post_multi
   16b3c CODE       _ctl_byte_queue_receive_multi
   16c0a CODE       _ctl_byte_queue_post_multi_nb
   16c7a CODE       _ctl_byte_queue_receive_multi_nb
   16cea CODE       _ctl_byte_queue_post
   16d18 CODE       _ctl_byte_queue_receive
   16d3e CODE       _ctl_byte_queue_post_nb
   16d58 CODE       _ctl_byte_queue_receive_nb
   16d6c CODE       _ctl_private_get_stack_start
   16d72 CODE       _ctl_private_get_thread_local_storage
   16d78 CODE       _ctl_private_init_registers
   16dda CODE       _ctl_private_init_thread_local_storage
   16df0 CODE       ___RAL_read_tp      
   16dfe CODE       _ctl_private_reschedule_from_api_call
   16e1a CODE       _ctl_enter_isr      
   16e4e CODE       _ctl_exit_isr       
   16e86 CODE       _ctl_global_interrupts_set
   16e9e CODE       _BUS_get_OA         
   16f1a CODE       _BUS_flags_to_addr  
   16f90 CODE       _BUS_addr_to_flags  
   16fe6 CODE       _BUS_cmd_init       
   17000 CODE       _BUS_OA_check       
   17036 CODE       _addr_chk           
   17062 CODE       _BUS_I2C_release    
   170fe CODE       _BUS_cmd_tx         
   17396 CODE       _BUS_SPI_txrx       
   17608 CODE       _crc7               
   1763a CODE       _crc16              
   1766e CODE       _get_ticker_time    
   17686 CODE       _setget_ticker_time 
   176ae CODE       _SPI_master_setup   
   176c8 CODE       _SPI_slave_setup    
   176e2 CODE       _SPI_deactivate     
   176f2 CODE       _initCLK            
   1773c CODE       _init_timerA        
   17750 CODE       _start_timerA       
   17758 CODE       _initSVS            
   177ae CODE       _ARC_setup          
   17842 CODE       _initARCbus         
   17940 CODE       _readTA1            
   17950 CODE       _BUS_register_cmd_callback
   18450 CODE       _mainLoop           
   1849a CODE       _BUS_init_buffer    
   184a4 CODE       _BUS_get_buffer_size
   184aa CODE       _BUS_get_buffer     
   184d2 CODE       _BUS_free_buffer    
   184dc CODE       _async_isOpen       
   184e2 CODE       _async_open_remote  
   18574 CODE       _async_close_remote 
   185a2 CODE       _async_send_data    
   18608 CODE       _BUS_free_alarm     
   18620 CODE       _BUS_timer_timeout_check
   18674 CODE       _BUS_alarm_ticker_update
   1877c CODE       _PMM_setVCoreUp     
   18876 CODE       _PMM_setVCoreDown   
   18930 CODE       _PMM_setVCore       
   18970 CODE       _ctl_handle_error   
   18982 CODE       _err_decode_arcbus  
   1906a CODE       _BUS_error_str      
   1913a CODE       _BUS_cmdtostr       
   192e6 CODE       _BUS_cmd_resptostr  
   1936c CODE       _bus_flags_tostr    
   1938c CODE       _bus_version_err_tostr
   1940e CODE       _reset_bor          
   19440 CODE       _main_return        
   19454 CODE       _startup_error_check
   1969c CODE       _err_register_handler
   19754 CODE       _error_init         
   19776 CODE       _error_recording_start
   19812 CODE       _set_error_level    
   1981e CODE       _get_error_level    
   19824 CODE       __record_error      
   198ce CODE       _record_error       
   19912 CODE       _ERR_lev_str        
   19950 CODE       _err_do_decode      
   199d8 CODE       _print_error        
   19a26 CODE       _report_error       
   19a66 CODE       _clear_saved_errors 
   19a98 CODE       _error_log_mem_replay
   19b1a CODE       _error_log_replay   
   19bdc CODE       _make_args          
   19c46 CODE       _helpCmd            
   19cf8 CODE       _doCmd              
   19d7c CODE       _hist_incr          
   19d88 CODE       _hist_decr          
   19d94 CODE       _terminal           
   1a04c CODE       _mmcInitChkCmd      
   1a07a CODE       _mmc_write          
   1a11a CODE       _mmc_read           
   1a1b2 CODE       _mmc_dump           
   1a30e CODE       _mmcdat_Cmd         
   1a4d0 CODE       _mmc_cardSize       
   1a51c CODE       _mmc_eraseCmd       
   1a5ac CODE       _dat_next           
   1a5e6 CODE       _mmc_TstCmd         
   1a85e CODE       _mmc_multiWTstCmd   
   1a9b6 CODE       _mmc_multiRTstCmd   
   1ac92 CODE       _mmc_reinit         
   1acb2 CODE       _mmcDMA_Cmd         
   1acd0 CODE       _mmcreg_Cmd         
   1ad84 CODE       _I2C_addr_lookup    
   1adcc CODE       _I2C_addr_revlookup 
   1ae04 CODE       _getI2C_addr        
   1aece CODE       _restCmd            
   1af84 CODE       _timeCmd            
   1af9a CODE       _txCmd              
   1b118 CODE       _spiCmd             
   1b22a CODE       _ARCsearch_Cmd      
   1b2e0 CODE       _ARClib_version_Cmd 
   1b2f2 CODE       _errReq_Cmd         
   1b4b2 CODE       _priorityCmd        
   1b566 CODE       _timesliceCmd       
   1b5ce CODE       _stateName          
   1b650 CODE       _statsCmd           
   1b6b2 CODE       _stackCmd           
   1b6fc CODE       _parse_log_level    
   1b7d6 CODE       _replayCmd          
   1b862 CODE       _clearErrCmd        
   1b886 CODE       _logCmd             
   1b90c CODE       _SD_error_str       
   1bb1a CODE       _UCA2_init_UART     
   1bbf6 CODE       _UCA2_TxChar        
   1bc32 CODE       _UCA2_Getc          
   1bc4e CODE       _UCA2_CheckKey      
   1bc6a CODE       _SPISetup           
   1bc80 CODE       _SPI_fast           
   1bc92 CODE       _SPI_slow           
   1bca2 CODE       _spiSendByte        
   1bcda CODE       _spiDummyClk        
   1bd10 CODE       _spiReadFrame       
   1bdc8 CODE       _spiSendFrame       
   1be72 CODE       _mmc_is_init        
   1be8e CODE       _mmcUnlock          
   1beca CODE       _mmcLock            
   1bf02 CODE       _mmc_pins_on        
   1bf26 CODE       __mmc_pins_map      
   1bf48 CODE       _mmcInit_msp        
   1bf5a CODE       _mmcReInit_card     
   1bfaa CODE       _mmcInit_card       
   1bfbe CODE       _mmcGoIdle          
   1c316 CODE       _mmc_R1             
   1c352 CODE       _mmc_R2             
   1c38e CODE       _mmc_busy           
   1c3c8 CODE       _mmc_R1b            
   1c40e CODE       _mmc_dat_resp       
   1c4a0 CODE       _mmc_token          
   1c4d6 CODE       _mmcReadBlock       
   1c5be CODE       _mmcReadBlocks      
   1c720 CODE       _mmcWriteBlock      
   1c81a CODE       _mmcWriteMultiBlock 
   1c972 CODE       _mmcSendCmd         
   1c9e4 CODE       _mmcErase           
   1cabc CODE       _mmcReadReg         
   1cb36 CODE       _mmcGetCardSize     
   1cc7a CODE       _SD_DMA_is_enabled  
   1ccde CODE       _i2c_tx             
   1cd66 CODE       _i2c_rx             
   1ce18 CODE       _initI2C            
   1cecc CODE       ___int32_mul        
   1ceee CODE       ___int16_div        
   1cf14 CODE       ___int16_mod        
   1cf3a CODE       ___int16_mul        
   1cf50 CODE       ___int64_mul        
   1cfbe CODE       ___int64_lsl        
   1cfd0 CODE       ___int64_lsr        
   1d030 CODE       ___uint64_mod       
   1d050 CODE       ___uint16_div       
   1d068 CODE       ___uint16_mod       
   1d070 CODE       ___uint32_div       
   1d07a CODE       ___uint32_divmod    
   1d0a2 CODE       ___uint64_div       
   1d0ca CODE       ___uint64_divmod    
   1d106 CODE       ___digit            
   1d14c CODE       ___getc             
   1d17a CODE       ___RAL_pow10        
   1d1d0 CODE       ___strtoul          
   1d2ee CODE       ___putc             
   1d338 CODE       ___RAL_print_padding
   1d356 CODE       ___RAL_pre_padding  
   1d380 CODE       _abs                
   1d390 CODE       _atoi               
   1d3b6 CODE       _atol               
   1d3e0 CODE       ___RAL_isctype      
   1d3fe CODE       _isupper            
   1d410 CODE       _islower            
   1d422 CODE       _isdigit            
   1d432 CODE       _isspace            
   1d442 CODE       _isprint            
   1d454 CODE       _iscntrl            
   1d466 CODE       ___errno            
   1d470 CODE       _getchar            
   1d48e CODE       ___RAL_global_locale_category
   1d55e CODE       _printf             
   1d59a CODE       _puts               
   1d5d4 CODE       _sprintf            
   1d604 CODE       _sscanf             
   1d632 CODE       _strcat             
   1d652 CODE       _strcmp             
   1d672 CODE       _strcpy             
   1d688 CODE       _strncmp            
   1d6b6 CODE       _strlcpy            
   1d6fa CODE       _strnlen            
   1d714 CODE       _strtol             
   1d7c0 CODE       _strtoul            
   1d874 CODE       ___RAL_init_mbstate 
   1d882 CODE       ___RAL_ascii_mbtowc 
   1d8c8 CODE       ___RAL_ascii_wctomb 
   1d8f0 CODE       _memcpy             
   1d900 CODE       _memset             
   1d910 CODE       _strlen             
   1d920 CODE       ___float32_isinf    
   1d93a CODE       ___float32_isnan    
   1d952 CODE       ___float32_signbit  
   1d962 CODE       ___uint64_to_float32
   1da86 CODE       ___float32_to_int64 
   1db38 CODE       ___float32_add      
   1dc2a CODE       ___float32_sub      
   1dc36 CODE       ___float32_mul      
   1dd0e CODE       ___float32_div      
   1ddcc CODE       ___float32_lt       
   1dde8 CODE       ___float32_eq       
   1ddf8 CODE       ___int16_to_float32 
   1de04 CODE       ___uint16_to_float32
   1de0e CODE       ___uint16_to_float32_aux
   1de2e CODE       ___float32_to_int16 
   1de6a CODE       _modff              
   1df00 CODE       _floor              
   1df00 CODE       _floorf             
   1dfd0 CODE       _fmod               
   1dfd0 CODE       _fmodf              
   1e154 CODE       _fabsf              
   1e15a CODE       _ldexp              
   1e196 CODE       _frexp              
