
SYMBOLS BY NAME

      80            CTL_IRQ_STACK_SIZE  
    367a UDATA0     _ARC_bus_helper_task
    389a UDATA0     _ARC_bus_task       
   11c84 CODE       _ARC_setup          
    c79c CONST      _ARClib_version     
   14bf2 CODE       _ARClib_version_Cmd 
    c79e CONST      _ARClib_vstruct     
   14b3c CODE       _ARCsearch_Cmd      
   11538 CODE       _BUS_I2C_release    
    3696 UDATA0     _BUS_INT_events     
   114d6 CODE       _BUS_OA_check       
   1186c CODE       _BUS_SPI_txrx       
   11466 CODE       _BUS_addr_to_flags  
   12bae CODE       _BUS_alarm_ticker_update
   114bc CODE       _BUS_cmd_init       
   13820 CODE       _BUS_cmd_resptostr  
   115d4 CODE       _BUS_cmd_tx         
   13674 CODE       _BUS_cmdtostr       
   135a4 CODE       _BUS_error_str      
   113f0 CODE       _BUS_flags_to_addr  
   12b42 CODE       _BUS_free_alarm     
   12982 CODE       _BUS_free_buffer    
   1298c CODE       _BUS_free_buffer_from_event
   11374 CODE       _BUS_get_OA         
   1295a CODE       _BUS_get_buffer     
   12954 CODE       _BUS_get_buffer_size
    3698 UDATA0     _BUS_helper_events  
   1294a CODE       _BUS_init_buffer    
    369a UDATA0     _BUS_stack          
    4896 THREAD     _BUS_thread_addr_flags
   12b5a CODE       _BUS_timer_timeout_check
    3b3a UDATA0     _DMA_events         
    c512 ISR        _DMA_int            
   13e4c CODE       _ERR_lev_str        
   14696 CODE       _I2C_addr_lookup    
   146de CODE       _I2C_addr_revlookup 
    38fa UDATA0     _I2C_rx_buf         
    38f8 UDATA0     _I2C_rx_in          
    38f6 UDATA0     _I2C_rx_out         
   12e6a CODE       _PMM_setVCore       
   12db0 CODE       _PMM_setVCoreDown   
   12cb6 CODE       _PMM_setVCoreUp     
   1521e CODE       _SD_error_str       
   11bb8 CODE       _SPI_deactivate     
   11b84 CODE       _SPI_master_setup   
   11b9e CODE       _SPI_slave_setup    
    38d2 UDATA0     _SUB_events         
    c5d8 ISR        _SYS_NMI            
   15544 CODE       _UCA2_Getc          
    c726 ISR        _UCA2_ISR           
    474a UDATA0     _UCA2_RxBuf         
    47ee UDATA0     _UCA2_TxBuf         
   15508 CODE       _UCA2_TxChar        
   1542c CODE       _UCA2_init_UART     
    efa8 CONST      ___RAL_ascii_ctype_map
   15de8 CODE       ___RAL_ascii_mbtowc 
   15e2e CODE       ___RAL_ascii_wctomb 
    f182 CONST      ___RAL_c_locale     
    f080 CONST      ___RAL_c_locale_abbrev_day_names
    f0f4 CONST      ___RAL_c_locale_abbrev_month_names
    f125 CONST      ___RAL_c_locale_am_pm_indicator
    f150 CONST      ___RAL_c_locale_data
    f12c CONST      ___RAL_c_locale_date_format
    f13e CONST      ___RAL_c_locale_date_time_format
    f046 CONST      ___RAL_c_locale_day_names
    f09d CONST      ___RAL_c_locale_month_names
    f135 CONST      ___RAL_c_locale_time_format
    f036 CONST      ___RAL_codeset_ascii
    f14f CONST      ___RAL_data_empty_string
    f14d CONST      ___RAL_data_utf8_period
    1c24 IDATA0     ___RAL_global_locale
   15a42 CODE       ___RAL_global_locale_category
    ef80 CONST      ___RAL_hex_lc       
    ef70 CONST      ___RAL_hex_uc       
   15dda CODE       ___RAL_init_mbstate 
   159a6 CODE       ___RAL_isctype      
   15740 CODE       ___RAL_pow10        
   1591c CODE       ___RAL_pre_padding  
   158fe CODE       ___RAL_print_padding
   112c6 CODE       ___RAL_read_tp      
    1c00            ___RAM_Address      
    8000            ___RAM_Size         
    1c00            ___begin_IDATA0     
    4896            ___begin_THREAD     
    1c2e            ___begin_UDATA0     
     4c0            ___crt_mpy          
     4d2            ___crt_mpy32h       
     4d0            ___crt_mpy32l       
     4c8            ___crt_op2          
     4e2            ___crt_op2h         
     4e0            ___crt_op2l         
     4e4            ___crt_res0         
     4e6            ___crt_res1         
     4e8            ___crt_res2         
     4ea            ___crt_res3         
     4ca            ___crt_reslo        
   156fa CODE       ___digit            
    1c2e            ___end_IDATA0       
    489a            ___end_THREAD       
    4896            ___end_UDATA0       
   15a1a CODE       ___errno            
   1609e CODE       ___float32_add      
   16274 CODE       ___float32_div      
   1634e CODE       ___float32_eq       
   15e86 CODE       ___float32_isinf    
   15ea0 CODE       ___float32_isnan    
   16332 CODE       ___float32_lt       
   1619c CODE       ___float32_mul      
    f18a CONST      ___float32_nan      
   15eb8 CODE       ___float32_signbit  
   16190 CODE       ___float32_sub      
   15fec CODE       ___float32_to_int64 
    f19e CODE       ___getchar          
   15582 CODE       ___int16_div        
   155a8 CODE       ___int16_mod        
   155ce CODE       ___int16_mul        
   15560 CODE       ___int32_mul        
   155e4 CODE       ___int64_lsl        
   155f6 CODE       ___int64_lsr        
   109d8 CODE       ___printf_lock      
   109f4 CODE       ___printf_unlock    
   158b4 CODE       ___putc             
    f18e CODE       ___putchar          
   15796 CODE       ___strtoul          
    c702 ISR        ___thunk_ARClib_version_Cmd
    c6fe ISR        ___thunk_ARCsearch_Cmd
    c794 ISR        ___thunk___RAL_ascii_mbtowc
    c798 ISR        ___thunk___RAL_ascii_wctomb
    c000 ISR        ___thunk___putchar  
    c71e ISR        ___thunk_clearErrCmd
    c706 ISR        ___thunk_errReq_Cmd 
    c6e2 ISR        ___thunk_err_decode_arcbus
    c004 ISR        ___thunk_example_command
    c6e6 ISR        ___thunk_helpCmd    
    c722 ISR        ___thunk_logCmd     
    c70a ISR        ___thunk_priorityCmd
    c71a ISR        ___thunk_replayCmd  
    c6ee ISR        ___thunk_restCmd    
    c6fa ISR        ___thunk_spiCmd     
    c716 ISR        ___thunk_stackCmd   
    c712 ISR        ___thunk_statsCmd   
    c008 ISR        ___thunk_sub_events 
    c6ea ISR        ___thunk_terminal   
    c6f2 ISR        ___thunk_timeCmd    
    c70e ISR        ___thunk_timesliceCmd
    c6f6 ISR        ___thunk_txCmd      
   15676 CODE       ___uint16_div       
   1568e CODE       ___uint16_mod       
   15696 CODE       ___uint64_div       
   156be CODE       ___uint64_divmod    
   15656 CODE       ___uint64_mod       
   15ec8 CODE       ___uint64_to_float32
    1c22 IDATA0     ___ungot            
    4894 UDATA0     ___user_format_extender
    f3ae CODE       ___vfprintf         
    f3ae CODE       ___vfprintf_float_long_long
   13d5e CODE       __record_error      
   15946 CODE       _abs                
   1150c CODE       _addr_chk           
    418e UDATA0     _alarms             
    38d4 UDATA0     _arcBus_stat        
    1c16 IDATA0     _async_addr         
   12a32 CODE       _async_close        
   12aae CODE       _async_close_remote 
   1299a CODE       _async_isOpen       
   129a0 CODE       _async_open_remote  
    4172 UDATA0     _async_rxQ          
   12adc CODE       _async_send_data    
    1c18 IDATA0     _async_timer        
    4180 UDATA0     _async_txQ          
   15956 CODE       _atoi               
   1597c CODE       _atol               
    3f40 UDATA0     _buffer_mutex       
    e266 CONST      _busAddrSym         
    c014 ISR        _bus_I2C_isr        
    c450 ISR        _bus_SPI_isr        
   138a6 CODE       _bus_flags_tostr    
    c45c ISR        _bus_int            
    c592 ISR        _bus_resend         
   138c6 CODE       _bus_version_err_tostr
   15174 CODE       _clearErrCmd        
   13fa0 CODE       _clear_saved_errors 
    1c1a IDATA0     _closed_event       
    1c1c IDATA0     _closed_flag        
    1c12 IDATA0     _cmd_parse_list     
    c7e4 CONST      _cmd_tbl            
   11b10 CODE       _crc16              
   11ade CODE       _crc7               
    3468 UDATA0     _crc_mutex          
   10df2 CODE       _ctl_byte_queue_init
   111c0 CODE       _ctl_byte_queue_post
   10f3a CODE       _ctl_byte_queue_post_multi
   110e0 CODE       _ctl_byte_queue_post_multi_nb
   11214 CODE       _ctl_byte_queue_post_nb
   111ee CODE       _ctl_byte_queue_receive
   11012 CODE       _ctl_byte_queue_receive_multi
   11150 CODE       _ctl_byte_queue_receive_multi_nb
   1122e CODE       _ctl_byte_queue_receive_nb
    33dc UDATA0     _ctl_current_time   
   112f0 CODE       _ctl_enter_isr      
   10a08 CODE       _ctl_events_init    
   10b9c CODE       _ctl_events_set_clear
   10a1c CODE       _ctl_events_wait    
   11324 CODE       _ctl_exit_isr       
   109c0 CODE       _ctl_get_current_time
   1135c CODE       _ctl_global_interrupts_set
   12eaa CODE       _ctl_handle_error   
   10946 CODE       _ctl_increment_tick_from_isr
    33e1 UDATA0     _ctl_interrupt_count
    33d8 UDATA0     _ctl_last_schedule_time
    1c06 IDATA0     _ctl_libc_mutex     
   10bfc CODE       _ctl_mutex_init     
   10c28 CODE       _ctl_mutex_lock     
   10c14 CODE       _ctl_mutex_lock_uc  
   10d2c CODE       _ctl_mutex_unlock   
   10676 CODE       _ctl_private_add_to_task_list
   10b18 CODE       _ctl_private_events_schedule
   11242 CODE       _ctl_private_get_stack_start
   11248 CODE       _ctl_private_get_thread_local_storage
   1124e CODE       _ctl_private_init_registers
   112b0 CODE       _ctl_private_init_thread_local_storage
   106c4 CODE       _ctl_private_remove_from_task_list
   106fe CODE       _ctl_private_reschedule
   112d4 CODE       _ctl_private_reschedule_from_api_call
    33e0 UDATA0     _ctl_reschedule_on_last_isr_exit
   1089e CODE       _ctl_task_die       
    33e2 UDATA0     _ctl_task_executing 
   107d6 CODE       _ctl_task_init      
    33e4 UDATA0     _ctl_task_list      
   10812 CODE       _ctl_task_run       
   108c6 CODE       _ctl_task_set_priority
    33d6 UDATA0     _ctl_task_switch_callout
    1c04 IDATA0     _ctl_time_increment 
   10904 CODE       _ctl_timeout_wait   
    1c00 IDATA0     _ctl_timeslice_period
   14342 CODE       _doCmd              
   14c04 CODE       _errReq_Cmd         
   12ebc CODE       _err_decode_arcbus  
   13e8a CODE       _err_do_decode      
   13bd6 CODE       _err_register_handler
   13c8e CODE       _error_init         
   13fd2 CODE       _error_log_mem_replay
   14054 CODE       _error_log_replay   
   13cb0 CODE       _error_recording_start
    f21e CODE       _example_command    
   16636 CODE       _fabsf              
   163f4 CODE       _floor              
   163f4 CODE       _floorf             
   164c4 CODE       _fmod               
   164c4 CODE       _fmodf              
   16678 CODE       _frexp              
   14716 CODE       _getI2C_addr        
   13d58 CODE       _get_error_level    
   11b44 CODE       _get_ticker_time    
   15a24 CODE       _getchar            
   14290 CODE       _helpCmd            
    3486 UDATA0     _helper_stack       
   143d2 CODE       _hist_decr          
   143c6 CODE       _hist_incr          
    38b6 UDATA0     _idle_task          
   11d18 CODE       _initARCbus         
   11bc8 CODE       _initCLK            
   11c2e CODE       _initSVS            
   11c12 CODE       _init_timerA        
   15a08 CODE       _iscntrl            
   159e8 CODE       _isdigit            
   159d6 CODE       _islower            
   159f8 CODE       _isspace            
   159c4 CODE       _isupper            
   1663c CODE       _ldexp              
   15198 CODE       _logCmd             
    f1a4 CODE       _main               
   12900 CODE       _mainLoop           
   1397a CODE       _main_return        
   14226 CODE       _make_args          
   15e56 CODE       _memcpy             
   15e66 CODE       _memset             
   1635e CODE       _modff              
    41ae UDATA0     _next_idx           
   1500e CODE       _parse_log_level    
    1c10 IDATA0     _powerState         
   13f12 CODE       _print_error        
   14116 CODE       _print_spi_err      
   15b12 CODE       _printf             
   14dc4 CODE       _priorityCmd        
   15b4e CODE       _puts               
   11e16 CODE       _readTA1            
   13e08 CODE       _record_error       
   150e8 CODE       _replayCmd          
   13f60 CODE       _report_error       
   13948 CODE       _reset_bor          
   147e0 CODE       _restCmd            
    3f46 UDATA0     _rxbuf              
    419e UDATA0     _saved_error        
   13d4c CODE       _set_error_level    
   11b5c CODE       _setget_ticker_time 
   14a2a CODE       _spiCmd             
   15b88 CODE       _sprintf            
   14fc4 CODE       _stackCmd           
   11c26 CODE       _start_timerA       
   1398e CODE       _startup_error_check
   14ee0 CODE       _stateName          
   14f62 CODE       _statsCmd           
   15bb8 CODE       _strcmp             
   15bd8 CODE       _strcpy             
   15c1c CODE       _strlcpy            
   15e76 CODE       _strlen             
   15bee CODE       _strncmp            
   15c60 CODE       _strnlen            
   15c7a CODE       _strtol             
   15d26 CODE       _strtoul            
    f2a2 CODE       _sub_events         
    1c2e UDATA0     _sub_stack          
    339e UDATA0     _sub_task           
    c558 ISR        _task_tick          
   143de CODE       _terminal           
    23fe UDATA0     _terminal_stack     
    33ba UDATA0     _terminal_task      
    346e UDATA0     _ticker_time        
   14896 CODE       _timeCmd            
   14e78 CODE       _timesliceCmd       
   148ac CODE       _txCmd              
    4072 UDATA0     _txbuf              
    ce38 CONST      thread_init_begin   
    ce3c CONST      thread_init_end     


SYMBOLS BY VALUE

      80            CTL_IRQ_STACK_SIZE  
     4c0            ___crt_mpy          
     4c8            ___crt_op2          
     4ca            ___crt_reslo        
     4d0            ___crt_mpy32l       
     4d2            ___crt_mpy32h       
     4e0            ___crt_op2l         
     4e2            ___crt_op2h         
     4e4            ___crt_res0         
     4e6            ___crt_res1         
     4e8            ___crt_res2         
     4ea            ___crt_res3         
    1c00            ___RAM_Address      
    1c00            ___begin_IDATA0     
    1c00 IDATA0     _ctl_timeslice_period
    1c04 IDATA0     _ctl_time_increment 
    1c06 IDATA0     _ctl_libc_mutex     
    1c10 IDATA0     _powerState         
    1c12 IDATA0     _cmd_parse_list     
    1c16 IDATA0     _async_addr         
    1c18 IDATA0     _async_timer        
    1c1a IDATA0     _closed_event       
    1c1c IDATA0     _closed_flag        
    1c22 IDATA0     ___ungot            
    1c24 IDATA0     ___RAL_global_locale
    1c2e UDATA0     _sub_stack          
    1c2e            ___begin_UDATA0     
    1c2e            ___end_IDATA0       
    23fe UDATA0     _terminal_stack     
    339e UDATA0     _sub_task           
    33ba UDATA0     _terminal_task      
    33d6 UDATA0     _ctl_task_switch_callout
    33d8 UDATA0     _ctl_last_schedule_time
    33dc UDATA0     _ctl_current_time   
    33e0 UDATA0     _ctl_reschedule_on_last_isr_exit
    33e1 UDATA0     _ctl_interrupt_count
    33e2 UDATA0     _ctl_task_executing 
    33e4 UDATA0     _ctl_task_list      
    3468 UDATA0     _crc_mutex          
    346e UDATA0     _ticker_time        
    3486 UDATA0     _helper_stack       
    367a UDATA0     _ARC_bus_helper_task
    3696 UDATA0     _BUS_INT_events     
    3698 UDATA0     _BUS_helper_events  
    369a UDATA0     _BUS_stack          
    389a UDATA0     _ARC_bus_task       
    38b6 UDATA0     _idle_task          
    38d2 UDATA0     _SUB_events         
    38d4 UDATA0     _arcBus_stat        
    38f6 UDATA0     _I2C_rx_out         
    38f8 UDATA0     _I2C_rx_in          
    38fa UDATA0     _I2C_rx_buf         
    3b3a UDATA0     _DMA_events         
    3f40 UDATA0     _buffer_mutex       
    3f46 UDATA0     _rxbuf              
    4072 UDATA0     _txbuf              
    4172 UDATA0     _async_rxQ          
    4180 UDATA0     _async_txQ          
    418e UDATA0     _alarms             
    419e UDATA0     _saved_error        
    41ae UDATA0     _next_idx           
    474a UDATA0     _UCA2_RxBuf         
    47ee UDATA0     _UCA2_TxBuf         
    4894 UDATA0     ___user_format_extender
    4896            ___begin_THREAD     
    4896 THREAD     _BUS_thread_addr_flags
    4896            ___end_UDATA0       
    489a            ___end_THREAD       
    8000            ___RAM_Size         
    c000 ISR        ___thunk___putchar  
    c004 ISR        ___thunk_example_command
    c008 ISR        ___thunk_sub_events 
    c014 ISR        _bus_I2C_isr        
    c450 ISR        _bus_SPI_isr        
    c45c ISR        _bus_int            
    c512 ISR        _DMA_int            
    c558 ISR        _task_tick          
    c592 ISR        _bus_resend         
    c5d8 ISR        _SYS_NMI            
    c6e2 ISR        ___thunk_err_decode_arcbus
    c6e6 ISR        ___thunk_helpCmd    
    c6ea ISR        ___thunk_terminal   
    c6ee ISR        ___thunk_restCmd    
    c6f2 ISR        ___thunk_timeCmd    
    c6f6 ISR        ___thunk_txCmd      
    c6fa ISR        ___thunk_spiCmd     
    c6fe ISR        ___thunk_ARCsearch_Cmd
    c702 ISR        ___thunk_ARClib_version_Cmd
    c706 ISR        ___thunk_errReq_Cmd 
    c70a ISR        ___thunk_priorityCmd
    c70e ISR        ___thunk_timesliceCmd
    c712 ISR        ___thunk_statsCmd   
    c716 ISR        ___thunk_stackCmd   
    c71a ISR        ___thunk_replayCmd  
    c71e ISR        ___thunk_clearErrCmd
    c722 ISR        ___thunk_logCmd     
    c726 ISR        _UCA2_ISR           
    c794 ISR        ___thunk___RAL_ascii_mbtowc
    c798 ISR        ___thunk___RAL_ascii_wctomb
    c79c CONST      _ARClib_version     
    c79e CONST      _ARClib_vstruct     
    c7e4 CONST      _cmd_tbl            
    ce38 CONST      thread_init_begin   
    ce3c CONST      thread_init_end     
    e266 CONST      _busAddrSym         
    ef70 CONST      ___RAL_hex_uc       
    ef80 CONST      ___RAL_hex_lc       
    efa8 CONST      ___RAL_ascii_ctype_map
    f036 CONST      ___RAL_codeset_ascii
    f046 CONST      ___RAL_c_locale_day_names
    f080 CONST      ___RAL_c_locale_abbrev_day_names
    f09d CONST      ___RAL_c_locale_month_names
    f0f4 CONST      ___RAL_c_locale_abbrev_month_names
    f125 CONST      ___RAL_c_locale_am_pm_indicator
    f12c CONST      ___RAL_c_locale_date_format
    f135 CONST      ___RAL_c_locale_time_format
    f13e CONST      ___RAL_c_locale_date_time_format
    f14d CONST      ___RAL_data_utf8_period
    f14f CONST      ___RAL_data_empty_string
    f150 CONST      ___RAL_c_locale_data
    f182 CONST      ___RAL_c_locale     
    f18a CONST      ___float32_nan      
    f18e CODE       ___putchar          
    f19e CODE       ___getchar          
    f1a4 CODE       _main               
    f21e CODE       _example_command    
    f2a2 CODE       _sub_events         
    f3ae CODE       ___vfprintf_float_long_long
    f3ae CODE       ___vfprintf         
   10676 CODE       _ctl_private_add_to_task_list
   106c4 CODE       _ctl_private_remove_from_task_list
   106fe CODE       _ctl_private_reschedule
   107d6 CODE       _ctl_task_init      
   10812 CODE       _ctl_task_run       
   1089e CODE       _ctl_task_die       
   108c6 CODE       _ctl_task_set_priority
   10904 CODE       _ctl_timeout_wait   
   10946 CODE       _ctl_increment_tick_from_isr
   109c0 CODE       _ctl_get_current_time
   109d8 CODE       ___printf_lock      
   109f4 CODE       ___printf_unlock    
   10a08 CODE       _ctl_events_init    
   10a1c CODE       _ctl_events_wait    
   10b18 CODE       _ctl_private_events_schedule
   10b9c CODE       _ctl_events_set_clear
   10bfc CODE       _ctl_mutex_init     
   10c14 CODE       _ctl_mutex_lock_uc  
   10c28 CODE       _ctl_mutex_lock     
   10d2c CODE       _ctl_mutex_unlock   
   10df2 CODE       _ctl_byte_queue_init
   10f3a CODE       _ctl_byte_queue_post_multi
   11012 CODE       _ctl_byte_queue_receive_multi
   110e0 CODE       _ctl_byte_queue_post_multi_nb
   11150 CODE       _ctl_byte_queue_receive_multi_nb
   111c0 CODE       _ctl_byte_queue_post
   111ee CODE       _ctl_byte_queue_receive
   11214 CODE       _ctl_byte_queue_post_nb
   1122e CODE       _ctl_byte_queue_receive_nb
   11242 CODE       _ctl_private_get_stack_start
   11248 CODE       _ctl_private_get_thread_local_storage
   1124e CODE       _ctl_private_init_registers
   112b0 CODE       _ctl_private_init_thread_local_storage
   112c6 CODE       ___RAL_read_tp      
   112d4 CODE       _ctl_private_reschedule_from_api_call
   112f0 CODE       _ctl_enter_isr      
   11324 CODE       _ctl_exit_isr       
   1135c CODE       _ctl_global_interrupts_set
   11374 CODE       _BUS_get_OA         
   113f0 CODE       _BUS_flags_to_addr  
   11466 CODE       _BUS_addr_to_flags  
   114bc CODE       _BUS_cmd_init       
   114d6 CODE       _BUS_OA_check       
   1150c CODE       _addr_chk           
   11538 CODE       _BUS_I2C_release    
   115d4 CODE       _BUS_cmd_tx         
   1186c CODE       _BUS_SPI_txrx       
   11ade CODE       _crc7               
   11b10 CODE       _crc16              
   11b44 CODE       _get_ticker_time    
   11b5c CODE       _setget_ticker_time 
   11b84 CODE       _SPI_master_setup   
   11b9e CODE       _SPI_slave_setup    
   11bb8 CODE       _SPI_deactivate     
   11bc8 CODE       _initCLK            
   11c12 CODE       _init_timerA        
   11c26 CODE       _start_timerA       
   11c2e CODE       _initSVS            
   11c84 CODE       _ARC_setup          
   11d18 CODE       _initARCbus         
   11e16 CODE       _readTA1            
   12900 CODE       _mainLoop           
   1294a CODE       _BUS_init_buffer    
   12954 CODE       _BUS_get_buffer_size
   1295a CODE       _BUS_get_buffer     
   12982 CODE       _BUS_free_buffer    
   1298c CODE       _BUS_free_buffer_from_event
   1299a CODE       _async_isOpen       
   129a0 CODE       _async_open_remote  
   12a32 CODE       _async_close        
   12aae CODE       _async_close_remote 
   12adc CODE       _async_send_data    
   12b42 CODE       _BUS_free_alarm     
   12b5a CODE       _BUS_timer_timeout_check
   12bae CODE       _BUS_alarm_ticker_update
   12cb6 CODE       _PMM_setVCoreUp     
   12db0 CODE       _PMM_setVCoreDown   
   12e6a CODE       _PMM_setVCore       
   12eaa CODE       _ctl_handle_error   
   12ebc CODE       _err_decode_arcbus  
   135a4 CODE       _BUS_error_str      
   13674 CODE       _BUS_cmdtostr       
   13820 CODE       _BUS_cmd_resptostr  
   138a6 CODE       _bus_flags_tostr    
   138c6 CODE       _bus_version_err_tostr
   13948 CODE       _reset_bor          
   1397a CODE       _main_return        
   1398e CODE       _startup_error_check
   13bd6 CODE       _err_register_handler
   13c8e CODE       _error_init         
   13cb0 CODE       _error_recording_start
   13d4c CODE       _set_error_level    
   13d58 CODE       _get_error_level    
   13d5e CODE       __record_error      
   13e08 CODE       _record_error       
   13e4c CODE       _ERR_lev_str        
   13e8a CODE       _err_do_decode      
   13f12 CODE       _print_error        
   13f60 CODE       _report_error       
   13fa0 CODE       _clear_saved_errors 
   13fd2 CODE       _error_log_mem_replay
   14054 CODE       _error_log_replay   
   14116 CODE       _print_spi_err      
   14226 CODE       _make_args          
   14290 CODE       _helpCmd            
   14342 CODE       _doCmd              
   143c6 CODE       _hist_incr          
   143d2 CODE       _hist_decr          
   143de CODE       _terminal           
   14696 CODE       _I2C_addr_lookup    
   146de CODE       _I2C_addr_revlookup 
   14716 CODE       _getI2C_addr        
   147e0 CODE       _restCmd            
   14896 CODE       _timeCmd            
   148ac CODE       _txCmd              
   14a2a CODE       _spiCmd             
   14b3c CODE       _ARCsearch_Cmd      
   14bf2 CODE       _ARClib_version_Cmd 
   14c04 CODE       _errReq_Cmd         
   14dc4 CODE       _priorityCmd        
   14e78 CODE       _timesliceCmd       
   14ee0 CODE       _stateName          
   14f62 CODE       _statsCmd           
   14fc4 CODE       _stackCmd           
   1500e CODE       _parse_log_level    
   150e8 CODE       _replayCmd          
   15174 CODE       _clearErrCmd        
   15198 CODE       _logCmd             
   1521e CODE       _SD_error_str       
   1542c CODE       _UCA2_init_UART     
   15508 CODE       _UCA2_TxChar        
   15544 CODE       _UCA2_Getc          
   15560 CODE       ___int32_mul        
   15582 CODE       ___int16_div        
   155a8 CODE       ___int16_mod        
   155ce CODE       ___int16_mul        
   155e4 CODE       ___int64_lsl        
   155f6 CODE       ___int64_lsr        
   15656 CODE       ___uint64_mod       
   15676 CODE       ___uint16_div       
   1568e CODE       ___uint16_mod       
   15696 CODE       ___uint64_div       
   156be CODE       ___uint64_divmod    
   156fa CODE       ___digit            
   15740 CODE       ___RAL_pow10        
   15796 CODE       ___strtoul          
   158b4 CODE       ___putc             
   158fe CODE       ___RAL_print_padding
   1591c CODE       ___RAL_pre_padding  
   15946 CODE       _abs                
   15956 CODE       _atoi               
   1597c CODE       _atol               
   159a6 CODE       ___RAL_isctype      
   159c4 CODE       _isupper            
   159d6 CODE       _islower            
   159e8 CODE       _isdigit            
   159f8 CODE       _isspace            
   15a08 CODE       _iscntrl            
   15a1a CODE       ___errno            
   15a24 CODE       _getchar            
   15a42 CODE       ___RAL_global_locale_category
   15b12 CODE       _printf             
   15b4e CODE       _puts               
   15b88 CODE       _sprintf            
   15bb8 CODE       _strcmp             
   15bd8 CODE       _strcpy             
   15bee CODE       _strncmp            
   15c1c CODE       _strlcpy            
   15c60 CODE       _strnlen            
   15c7a CODE       _strtol             
   15d26 CODE       _strtoul            
   15dda CODE       ___RAL_init_mbstate 
   15de8 CODE       ___RAL_ascii_mbtowc 
   15e2e CODE       ___RAL_ascii_wctomb 
   15e56 CODE       _memcpy             
   15e66 CODE       _memset             
   15e76 CODE       _strlen             
   15e86 CODE       ___float32_isinf    
   15ea0 CODE       ___float32_isnan    
   15eb8 CODE       ___float32_signbit  
   15ec8 CODE       ___uint64_to_float32
   15fec CODE       ___float32_to_int64 
   1609e CODE       ___float32_add      
   16190 CODE       ___float32_sub      
   1619c CODE       ___float32_mul      
   16274 CODE       ___float32_div      
   16332 CODE       ___float32_lt       
   1634e CODE       ___float32_eq       
   1635e CODE       _modff              
   163f4 CODE       _floor              
   163f4 CODE       _floorf             
   164c4 CODE       _fmod               
   164c4 CODE       _fmodf              
   16636 CODE       _fabsf              
   1663c CODE       _ldexp              
   16678 CODE       _frexp              
