
SYMBOLS BY NAME

      80            CTL_IRQ_STACK_SIZE  
    3aa8 UDATA0     _ARC_bus_helper_task
    3cc8 UDATA0     _ARC_bus_task       
   14042 CODE       _ARC_setup          
    d543 CONST      _ARClib_version     
   17b74 CODE       _ARClib_version_Cmd 
    d556 CONST      _ARClib_vstruct     
   17abe CODE       _ARCsearch_Cmd      
   138f6 CODE       _BUS_I2C_release    
    3ac4 UDATA0     _BUS_INT_events     
   13894 CODE       _BUS_OA_check       
   13c2a CODE       _BUS_SPI_txrx       
   13824 CODE       _BUS_addr_to_flags  
   14f08 CODE       _BUS_alarm_ticker_update
   1387a CODE       _BUS_cmd_init       
   15b7a CODE       _BUS_cmd_resptostr  
   13992 CODE       _BUS_cmd_tx         
   159ce CODE       _BUS_cmdtostr       
   158fe CODE       _BUS_error_str      
   137ae CODE       _BUS_flags_to_addr  
   14e9c CODE       _BUS_free_alarm     
   14d66 CODE       _BUS_free_buffer    
   13732 CODE       _BUS_get_OA         
   14d3e CODE       _BUS_get_buffer     
   14d38 CODE       _BUS_get_buffer_size
    3ac6 UDATA0     _BUS_helper_events  
   14d2e CODE       _BUS_init_buffer    
   141e4 CODE       _BUS_register_cmd_callback
    3ac8 UDATA0     _BUS_stack          
    4cda THREAD     _BUS_thread_addr_flags
   14eb4 CODE       _BUS_timer_timeout_check
    3f68 UDATA0     _DMA_events         
    c5be ISR        _DMA_int            
   161a6 CODE       _ERR_lev_str        
   17618 CODE       _I2C_addr_lookup    
   17660 CODE       _I2C_addr_revlookup 
    c868 ISR        _I2C_dat            
    3d28 UDATA0     _I2C_rx_buf         
    3d26 UDATA0     _I2C_rx_in          
    3d24 UDATA0     _I2C_rx_out         
    4cc8 UDATA0     _I2C_stat           
    1c00 IDATA0     _LEDL_parse         
    ff28 CODE       _LEDL_parseCmd      
   151c4 CODE       _PMM_setVCore       
   1510a CODE       _PMM_setVCoreDown   
   15010 CODE       _PMM_setVCoreUp     
   1950e CODE       _SD_DMA_is_enabled  
   181a0 CODE       _SD_error_str       
   10242 CODE       _SD_read            
   101b4 CODE       _SD_write           
   184fe CODE       _SPISetup           
   13f76 CODE       _SPI_deactivate     
   18514 CODE       _SPI_fast           
   13f42 CODE       _SPI_master_setup   
   13f5c CODE       _SPI_slave_setup    
   18526 CODE       _SPI_slow           
    3d00 UDATA0     _SUB_events         
    c684 ISR        _SYS_NMI            
    37f0 UDATA0     _SYS_evt            
    c010 ISR        _Timer_A2_A0        
    c016 ISR        _Timer_A2_A1        
   184e2 CODE       _UCA2_CheckKey      
   184c6 CODE       _UCA2_Getc          
    c806 ISR        _UCA2_ISR           
    4b78 UDATA0     _UCA2_RxBuf         
    4c1c UDATA0     _UCA2_TxBuf         
   1848a CODE       _UCA2_TxChar        
   183ae CODE       _UCA2_init_UART     
   10190 CODE       _VCC_ON_OFF         
    fc26 CONST      ___RAL_ascii_ctype_map
   1a116 CODE       ___RAL_ascii_mbtowc 
   1a15c CODE       ___RAL_ascii_wctomb 
    fe00 CONST      ___RAL_c_locale     
    fcfe CONST      ___RAL_c_locale_abbrev_day_names
    fd72 CONST      ___RAL_c_locale_abbrev_month_names
    fda3 CONST      ___RAL_c_locale_am_pm_indicator
    fdce CONST      ___RAL_c_locale_data
    fdaa CONST      ___RAL_c_locale_date_format
    fdbc CONST      ___RAL_c_locale_date_time_format
    fcc4 CONST      ___RAL_c_locale_day_names
    fd1b CONST      ___RAL_c_locale_month_names
    fdb3 CONST      ___RAL_c_locale_time_format
    fcb4 CONST      ___RAL_codeset_ascii
    fdcd CONST      ___RAL_data_empty_string
    fdcb CONST      ___RAL_data_utf8_period
    1c3a IDATA0     ___RAL_global_locale
   19d22 CODE       ___RAL_global_locale_category
    fbfe CONST      ___RAL_hex_lc       
    fbee CONST      ___RAL_hex_uc       
   1a108 CODE       ___RAL_init_mbstate 
   19c74 CODE       ___RAL_isctype      
   19a0e CODE       ___RAL_pow10        
   19bea CODE       ___RAL_pre_padding  
   19bcc CODE       ___RAL_print_padding
   13684 CODE       ___RAL_read_tp      
    1c00            ___RAM_Address      
    8000            ___RAM_Size         
    1c00            ___begin_IDATA0     
    4cda            ___begin_THREAD     
    1c44            ___begin_UDATA0     
     4da            ___crt_mac32h       
     4d8            ___crt_mac32l       
     4c0            ___crt_mpy          
     4d2            ___crt_mpy32h       
     4d0            ___crt_mpy32l       
     4c8            ___crt_op2          
     4e2            ___crt_op2h         
     4e0            ___crt_op2l         
     4e4            ___crt_res0         
     4e6            ___crt_res1         
     4e8            ___crt_res2         
     4ea            ___crt_res3         
     4ca            ___crt_reslo        
   1999a CODE       ___digit            
    1c44            ___end_IDATA0       
    4cde            ___end_THREAD       
    4cda            ___end_UDATA0       
   19cfa CODE       ___errno            
   1a3cc CODE       ___float32_add      
   1a5a2 CODE       ___float32_div      
   1a67c CODE       ___float32_eq       
   1a1b4 CODE       ___float32_isinf    
   1a1ce CODE       ___float32_isnan    
   1a660 CODE       ___float32_lt       
   1a4ca CODE       ___float32_mul      
    fe08 CONST      ___float32_nan      
   1a1e6 CODE       ___float32_signbit  
   1a4be CODE       ___float32_sub      
   1a6c2 CODE       ___float32_to_int16 
   1a31a CODE       ___float32_to_int64 
   199e0 CODE       ___getc             
    fe1c CODE       ___getchar          
   19782 CODE       ___int16_div        
   197a8 CODE       ___int16_mod        
   197ce CODE       ___int16_mul        
   1a68c CODE       ___int16_to_float32 
   19760 CODE       ___int32_mul        
   19852 CODE       ___int64_lsl        
   19864 CODE       ___int64_lsr        
   197e4 CODE       ___int64_mul        
   12d96 CODE       ___printf_lock      
   12db2 CODE       ___printf_unlock    
   19b82 CODE       ___putc             
    fe0c CODE       ___putchar          
   19a64 CODE       ___strtoul          
    c7e2 ISR        ___thunk_ARClib_version_Cmd
    c7de ISR        ___thunk_ARCsearch_Cmd
    c004 ISR        ___thunk_LEDL_parseCmd
    c020 ISR        ___thunk_SD_read    
    c01c ISR        ___thunk_SD_write   
    c95a ISR        ___thunk___RAL_ascii_mbtowc
    c95e ISR        ___thunk___RAL_ascii_wctomb
    c000 ISR        ___thunk___putchar  
    c7fe ISR        ___thunk_clearErrCmd
    c7e6 ISR        ___thunk_errReq_Cmd 
    c78e ISR        ___thunk_err_decode_arcbus
    c792 ISR        ___thunk_helpCmd    
    c030 ISR        ___thunk_initalize_acc
    c802 ISR        ___thunk_logCmd     
    c7c6 ISR        ___thunk_mmcDMA_Cmd 
    c79a ISR        ___thunk_mmcInitChkCmd
    c7b6 ISR        ___thunk_mmc_TstCmd 
    c7ae ISR        ___thunk_mmc_cardSize
    c7a6 ISR        ___thunk_mmc_dump   
    c7b2 ISR        ___thunk_mmc_eraseCmd
    c7be ISR        ___thunk_mmc_multiRTstCmd
    c7ba ISR        ___thunk_mmc_multiWTstCmd
    c7a2 ISR        ___thunk_mmc_read   
    c7c2 ISR        ___thunk_mmc_reinit 
    c79e ISR        ___thunk_mmc_write  
    c7aa ISR        ___thunk_mmcdat_Cmd 
    c7ca ISR        ___thunk_mmcreg_Cmd 
    c7ea ISR        ___thunk_priorityCmd
    c7fa ISR        ___thunk_replayCmd  
    c7ce ISR        ___thunk_restCmd    
    c028 ISR        ___thunk_rotationVector
    c024 ISR        ___thunk_send_I2C   
    c7da ISR        ___thunk_spiCmd     
    c7f6 ISR        ___thunk_stackCmd   
    c7f2 ISR        ___thunk_statsCmd   
    c008 ISR        ___thunk_sub_events 
    c00c ISR        ___thunk_sys_events 
    c02c ISR        ___thunk_temp       
    c796 ISR        ___thunk_terminal   
    c7d2 ISR        ___thunk_timeCmd    
    c7ee ISR        ___thunk_timesliceCmd
    c7d6 ISR        ___thunk_txCmd      
   198e4 CODE       ___uint16_div       
   198fc CODE       ___uint16_mod       
   1a698 CODE       ___uint16_to_float32
   1a6a2 CODE       ___uint16_to_float32_aux
   19904 CODE       ___uint32_div       
   1990e CODE       ___uint32_divmod    
   19936 CODE       ___uint64_div       
   1995e CODE       ___uint64_divmod    
   198c4 CODE       ___uint64_mod       
   1a1f6 CODE       ___uint64_to_float32
    1c38 IDATA0     ___ungot            
    4cd8 UDATA0     ___user_format_extender
   10e2c CODE       ___vfprintf         
   10e2c CODE       ___vfprintf_float_long_long
   125f0 CODE       ___vfscanf          
   125f0 CODE       ___vfscanf_float_long_long_cc
   187ba CODE       __mmc_pins_map      
   160b8 CODE       __record_error      
   19c14 CODE       _abs                
    37f2 UDATA0     _acc                
    c034 ISR        _adc_int            
    1c0c IDATA0     _adccount           
   10de2 CODE       _adcsetup           
    37fe UDATA0     _adctemparray1      
   138ca CODE       _addr_chk           
    45bc UDATA0     _alarms             
    3d02 UDATA0     _arcBus_stat        
    1c24 IDATA0     _async_addr         
   14e08 CODE       _async_close_remote 
   14d70 CODE       _async_isOpen       
   14d76 CODE       _async_open_remote  
    45a0 UDATA0     _async_rxQ          
   14e36 CODE       _async_send_data    
    1c26 IDATA0     _async_timer        
    45ae UDATA0     _async_txQ          
   19c24 CODE       _atoi               
   19c4a CODE       _atol               
    436e UDATA0     _buffer_mutex       
    ee80 CONST      _busAddrSym         
    c0c0 ISR        _bus_I2C_isr        
    c4fc ISR        _bus_SPI_isr        
   15c00 CODE       _bus_flags_tostr    
    c508 ISR        _bus_int            
    c63e ISR        _bus_resend         
   15c20 CODE       _bus_version_err_tostr
    37fc UDATA0     _check_adc_read     
   180f6 CODE       _clearErrCmd        
   162fa CODE       _clear_saved_errors 
    1c28 IDATA0     _closed_event       
    1c2a IDATA0     _closed_flag        
    1c20 IDATA0     _cmd_parse_list     
    cab2 CONST      _cmd_tbl            
   13ece CODE       _crc16              
   13e9c CODE       _crc7               
    3896 UDATA0     _crc_mutex          
   131b0 CODE       _ctl_byte_queue_init
   1357e CODE       _ctl_byte_queue_post
   132f8 CODE       _ctl_byte_queue_post_multi
   1349e CODE       _ctl_byte_queue_post_multi_nb
   135d2 CODE       _ctl_byte_queue_post_nb
   135ac CODE       _ctl_byte_queue_receive
   133d0 CODE       _ctl_byte_queue_receive_multi
   1350e CODE       _ctl_byte_queue_receive_multi_nb
   135ec CODE       _ctl_byte_queue_receive_nb
    380a UDATA0     _ctl_current_time   
   136ae CODE       _ctl_enter_isr      
   12dc6 CODE       _ctl_events_init    
   12f5a CODE       _ctl_events_set_clear
   12dda CODE       _ctl_events_wait    
   136e2 CODE       _ctl_exit_isr       
   12d7e CODE       _ctl_get_current_time
   1371a CODE       _ctl_global_interrupts_set
   15204 CODE       _ctl_handle_error   
   12d04 CODE       _ctl_increment_tick_from_isr
    380f UDATA0     _ctl_interrupt_count
    3806 UDATA0     _ctl_last_schedule_time
    1c14 IDATA0     _ctl_libc_mutex     
   12fba CODE       _ctl_mutex_init     
   12fe6 CODE       _ctl_mutex_lock     
   12fd2 CODE       _ctl_mutex_lock_uc  
   130ea CODE       _ctl_mutex_unlock   
   12a34 CODE       _ctl_private_add_to_task_list
   12ed6 CODE       _ctl_private_events_schedule
   13600 CODE       _ctl_private_get_stack_start
   13606 CODE       _ctl_private_get_thread_local_storage
   1360c CODE       _ctl_private_init_registers
   1366e CODE       _ctl_private_init_thread_local_storage
   12a82 CODE       _ctl_private_remove_from_task_list
   12abc CODE       _ctl_private_reschedule
   13692 CODE       _ctl_private_reschedule_from_api_call
    380e UDATA0     _ctl_reschedule_on_last_isr_exit
   12c5c CODE       _ctl_task_die       
    3810 UDATA0     _ctl_task_executing 
   12b94 CODE       _ctl_task_init      
    3812 UDATA0     _ctl_task_list      
   12bd0 CODE       _ctl_task_run       
   12c84 CODE       _ctl_task_set_priority
    3804 UDATA0     _ctl_task_switch_callout
    1c12 IDATA0     _ctl_time_increment 
   12cc2 CODE       _ctl_timeout_wait   
    1c0e IDATA0     _ctl_timeslice_period
   16e40 CODE       _dat_next           
   1658c CODE       _doCmd              
   17b86 CODE       _errReq_Cmd         
   15216 CODE       _err_decode_arcbus  
   161e4 CODE       _err_do_decode      
   15f30 CODE       _err_register_handler
   15fe8 CODE       _error_init         
   1632c CODE       _error_log_mem_replay
   163ae CODE       _error_log_replay   
   1600a CODE       _error_recording_start
   1a9e8 CODE       _fabsf              
   1a794 CODE       _floor              
   1a794 CODE       _floorf             
   1a864 CODE       _fmod               
   1a864 CODE       _fmodf              
   1aa2a CODE       _frexp              
   17698 CODE       _getI2C_addr        
   10776 CODE       _getX_Rotation      
   108ae CODE       _getY_Rotation      
   109e6 CODE       _getZ_Rotation      
   10cce CODE       _get_Acceleration   
   160b2 CODE       _get_error_level    
   13f02 CODE       _get_ticker_time    
   19d04 CODE       _getchar            
   164da CODE       _helpCmd            
    38b4 UDATA0     _helper_stack       
   1661c CODE       _hist_decr          
   16610 CODE       _hist_incr          
   195fa CODE       _i2c_rx             
   19572 CODE       _i2c_tx             
    3ce4 UDATA0     _idle_task          
   140d6 CODE       _initARCbus         
   13f86 CODE       _initCLK            
   196ac CODE       _initI2C            
   13fec CODE       _initSVS            
   13fd0 CODE       _init_timerA        
   10e12 CODE       _init_timerA3       
   10be4 CODE       _initalize_acc      
   19ce8 CODE       _iscntrl            
   19cb6 CODE       _isdigit            
   19ca4 CODE       _islower            
   19cd6 CODE       _isprint            
   19cc6 CODE       _isspace            
   19c92 CODE       _isupper            
   1a9ee CODE       _ldexp              
   1011a CODE       _ledl_pin_setup     
   1811a CODE       _logCmd             
    fe22 CODE       _main               
   14ce4 CODE       _mainLoop           
   15cd4 CODE       _main_return        
   16470 CODE       _make_args          
   1a184 CODE       _memcpy             
   1a194 CODE       _memset             
   17546 CODE       _mmcDMA_Cmd         
   19278 CODE       _mmcErase           
   193ca CODE       _mmcGetCardSize     
   18852 CODE       _mmcGoIdle          
   168e0 CODE       _mmcInitChkCmd      
   1883e CODE       _mmcInit_card       
   187dc CODE       _mmcInit_msp        
   1875e CODE       _mmcLock            
   187ee CODE       _mmcReInit_card     
   18d6a CODE       _mmcReadBlock       
   18e52 CODE       _mmcReadBlocks      
   19350 CODE       _mmcReadReg         
   19206 CODE       _mmcSendCmd         
    1c30 IDATA0     _mmcStat            
   18722 CODE       _mmcUnlock          
   18fb4 CODE       _mmcWriteBlock      
   190ae CODE       _mmcWriteMultiBlock 
    c85c ISR        _mmc_ISR            
   18baa CODE       _mmc_R1             
   18c5c CODE       _mmc_R1b            
   18be6 CODE       _mmc_R2             
   16e7a CODE       _mmc_TstCmd         
   18c22 CODE       _mmc_busy           
   16d64 CODE       _mmc_cardSize       
   18ca2 CODE       _mmc_dat_resp       
   16a46 CODE       _mmc_dump           
   16db0 CODE       _mmc_eraseCmd       
   18706 CODE       _mmc_is_init        
   1724a CODE       _mmc_multiRTstCmd   
   170f2 CODE       _mmc_multiWTstCmd   
   18796 CODE       _mmc_pins_on        
   169ae CODE       _mmc_read           
   17526 CODE       _mmc_reinit         
   18d34 CODE       _mmc_token          
   1690e CODE       _mmc_write          
   16ba2 CODE       _mmcdat_Cmd         
   17564 CODE       _mmcreg_Cmd         
   1a6fe CODE       _modff              
    45dc UDATA0     _next_idx           
   17f90 CODE       _parse_log_level    
    1c06 IDATA0     _port               
    1c1e IDATA0     _powerState         
   1626c CODE       _print_error        
   19df2 CODE       _printf             
   17d46 CODE       _priorityCmd        
   19e2e CODE       _puts               
    37f6 UDATA0     _pwrup              
   141d4 CODE       _readTA1            
   16162 CODE       _record_error       
   1806a CODE       _replayCmd          
   162ba CODE       _report_error       
   15ca2 CODE       _reset_bor          
   17762 CODE       _restCmd            
    37fa UDATA0     _ret                
   10b1e CODE       _rotationVector     
    4374 UDATA0     _rxbuf              
    45cc UDATA0     _saved_error        
    1c0a IDATA0     _scl                
    1c08 IDATA0     _sda                
   106d6 CODE       _send_I2C           
   160a6 CODE       _set_error_level    
   13f1a CODE       _setget_ticker_time 
   179ac CODE       _spiCmd             
   1856e CODE       _spiDummyClk        
   185a4 CODE       _spiReadFrame       
   18536 CODE       _spiSendByte        
   1865c CODE       _spiSendFrame       
   19e68 CODE       _sprintf            
   19e98 CODE       _sscanf             
   17f46 CODE       _stackCmd           
   10e0a CODE       _start_ADC_sampeling
   13fe4 CODE       _start_timerA       
   10e24 CODE       _start_timerA3      
   15ce8 CODE       _startup_error_check
    37f8 UDATA0     _stat               
   17e62 CODE       _stateName          
   17ee4 CODE       _statsCmd           
   19ec6 CODE       _strcat             
   19ee6 CODE       _strcmp             
   19f06 CODE       _strcpy             
   19f4a CODE       _strlcpy            
   1a1a4 CODE       _strlen             
   19f1c CODE       _strncmp            
   19f8e CODE       _strnlen            
   19fa8 CODE       _strtol             
   1a054 CODE       _strtoul            
   10004 CODE       _sub_events         
    1c44 UDATA0     _sub_stack          
    37b8 UDATA0     _sub_task           
   10094 CODE       _sys_events         
    2414 UDATA0     _sys_stack          
    379c UDATA0     _sys_task           
    c604 ISR        _task_tick          
    c0a2 ISR        _task_tick_forADC   
   10b6e CODE       _temp               
   16628 CODE       _terminal           
    2be4 UDATA0     _terminal_stack     
    37d4 UDATA0     _terminal_task      
    389c UDATA0     _ticker_time        
   17818 CODE       _timeCmd            
   17dfa CODE       _timesliceCmd       
   101a4 CODE       _turn_on_all_sensors
   1782e CODE       _txCmd              
    44a0 UDATA0     _txbuf              
    d5aa CONST      thread_init_begin   
    d5ae CONST      thread_init_end     


SYMBOLS BY VALUE

      80            CTL_IRQ_STACK_SIZE  
     4c0            ___crt_mpy          
     4c8            ___crt_op2          
     4ca            ___crt_reslo        
     4d0            ___crt_mpy32l       
     4d2            ___crt_mpy32h       
     4d8            ___crt_mac32l       
     4da            ___crt_mac32h       
     4e0            ___crt_op2l         
     4e2            ___crt_op2h         
     4e4            ___crt_res0         
     4e6            ___crt_res1         
     4e8            ___crt_res2         
     4ea            ___crt_res3         
    1c00            ___begin_IDATA0     
    1c00            ___RAM_Address      
    1c00 IDATA0     _LEDL_parse         
    1c06 IDATA0     _port               
    1c08 IDATA0     _sda                
    1c0a IDATA0     _scl                
    1c0c IDATA0     _adccount           
    1c0e IDATA0     _ctl_timeslice_period
    1c12 IDATA0     _ctl_time_increment 
    1c14 IDATA0     _ctl_libc_mutex     
    1c1e IDATA0     _powerState         
    1c20 IDATA0     _cmd_parse_list     
    1c24 IDATA0     _async_addr         
    1c26 IDATA0     _async_timer        
    1c28 IDATA0     _closed_event       
    1c2a IDATA0     _closed_flag        
    1c30 IDATA0     _mmcStat            
    1c38 IDATA0     ___ungot            
    1c3a IDATA0     ___RAL_global_locale
    1c44 UDATA0     _sub_stack          
    1c44            ___begin_UDATA0     
    1c44            ___end_IDATA0       
    2414 UDATA0     _sys_stack          
    2be4 UDATA0     _terminal_stack     
    379c UDATA0     _sys_task           
    37b8 UDATA0     _sub_task           
    37d4 UDATA0     _terminal_task      
    37f0 UDATA0     _SYS_evt            
    37f2 UDATA0     _acc                
    37f6 UDATA0     _pwrup              
    37f8 UDATA0     _stat               
    37fa UDATA0     _ret                
    37fc UDATA0     _check_adc_read     
    37fe UDATA0     _adctemparray1      
    3804 UDATA0     _ctl_task_switch_callout
    3806 UDATA0     _ctl_last_schedule_time
    380a UDATA0     _ctl_current_time   
    380e UDATA0     _ctl_reschedule_on_last_isr_exit
    380f UDATA0     _ctl_interrupt_count
    3810 UDATA0     _ctl_task_executing 
    3812 UDATA0     _ctl_task_list      
    3896 UDATA0     _crc_mutex          
    389c UDATA0     _ticker_time        
    38b4 UDATA0     _helper_stack       
    3aa8 UDATA0     _ARC_bus_helper_task
    3ac4 UDATA0     _BUS_INT_events     
    3ac6 UDATA0     _BUS_helper_events  
    3ac8 UDATA0     _BUS_stack          
    3cc8 UDATA0     _ARC_bus_task       
    3ce4 UDATA0     _idle_task          
    3d00 UDATA0     _SUB_events         
    3d02 UDATA0     _arcBus_stat        
    3d24 UDATA0     _I2C_rx_out         
    3d26 UDATA0     _I2C_rx_in          
    3d28 UDATA0     _I2C_rx_buf         
    3f68 UDATA0     _DMA_events         
    436e UDATA0     _buffer_mutex       
    4374 UDATA0     _rxbuf              
    44a0 UDATA0     _txbuf              
    45a0 UDATA0     _async_rxQ          
    45ae UDATA0     _async_txQ          
    45bc UDATA0     _alarms             
    45cc UDATA0     _saved_error        
    45dc UDATA0     _next_idx           
    4b78 UDATA0     _UCA2_RxBuf         
    4c1c UDATA0     _UCA2_TxBuf         
    4cc8 UDATA0     _I2C_stat           
    4cd8 UDATA0     ___user_format_extender
    4cda            ___begin_THREAD     
    4cda            ___end_UDATA0       
    4cda THREAD     _BUS_thread_addr_flags
    4cde            ___end_THREAD       
    8000            ___RAM_Size         
    c000 ISR        ___thunk___putchar  
    c004 ISR        ___thunk_LEDL_parseCmd
    c008 ISR        ___thunk_sub_events 
    c00c ISR        ___thunk_sys_events 
    c010 ISR        _Timer_A2_A0        
    c016 ISR        _Timer_A2_A1        
    c01c ISR        ___thunk_SD_write   
    c020 ISR        ___thunk_SD_read    
    c024 ISR        ___thunk_send_I2C   
    c028 ISR        ___thunk_rotationVector
    c02c ISR        ___thunk_temp       
    c030 ISR        ___thunk_initalize_acc
    c034 ISR        _adc_int            
    c0a2 ISR        _task_tick_forADC   
    c0c0 ISR        _bus_I2C_isr        
    c4fc ISR        _bus_SPI_isr        
    c508 ISR        _bus_int            
    c5be ISR        _DMA_int            
    c604 ISR        _task_tick          
    c63e ISR        _bus_resend         
    c684 ISR        _SYS_NMI            
    c78e ISR        ___thunk_err_decode_arcbus
    c792 ISR        ___thunk_helpCmd    
    c796 ISR        ___thunk_terminal   
    c79a ISR        ___thunk_mmcInitChkCmd
    c79e ISR        ___thunk_mmc_write  
    c7a2 ISR        ___thunk_mmc_read   
    c7a6 ISR        ___thunk_mmc_dump   
    c7aa ISR        ___thunk_mmcdat_Cmd 
    c7ae ISR        ___thunk_mmc_cardSize
    c7b2 ISR        ___thunk_mmc_eraseCmd
    c7b6 ISR        ___thunk_mmc_TstCmd 
    c7ba ISR        ___thunk_mmc_multiWTstCmd
    c7be ISR        ___thunk_mmc_multiRTstCmd
    c7c2 ISR        ___thunk_mmc_reinit 
    c7c6 ISR        ___thunk_mmcDMA_Cmd 
    c7ca ISR        ___thunk_mmcreg_Cmd 
    c7ce ISR        ___thunk_restCmd    
    c7d2 ISR        ___thunk_timeCmd    
    c7d6 ISR        ___thunk_txCmd      
    c7da ISR        ___thunk_spiCmd     
    c7de ISR        ___thunk_ARCsearch_Cmd
    c7e2 ISR        ___thunk_ARClib_version_Cmd
    c7e6 ISR        ___thunk_errReq_Cmd 
    c7ea ISR        ___thunk_priorityCmd
    c7ee ISR        ___thunk_timesliceCmd
    c7f2 ISR        ___thunk_statsCmd   
    c7f6 ISR        ___thunk_stackCmd   
    c7fa ISR        ___thunk_replayCmd  
    c7fe ISR        ___thunk_clearErrCmd
    c802 ISR        ___thunk_logCmd     
    c806 ISR        _UCA2_ISR           
    c85c ISR        _mmc_ISR            
    c868 ISR        _I2C_dat            
    c95a ISR        ___thunk___RAL_ascii_mbtowc
    c95e ISR        ___thunk___RAL_ascii_wctomb
    cab2 CONST      _cmd_tbl            
    d543 CONST      _ARClib_version     
    d556 CONST      _ARClib_vstruct     
    d5aa CONST      thread_init_begin   
    d5ae CONST      thread_init_end     
    ee80 CONST      _busAddrSym         
    fbee CONST      ___RAL_hex_uc       
    fbfe CONST      ___RAL_hex_lc       
    fc26 CONST      ___RAL_ascii_ctype_map
    fcb4 CONST      ___RAL_codeset_ascii
    fcc4 CONST      ___RAL_c_locale_day_names
    fcfe CONST      ___RAL_c_locale_abbrev_day_names
    fd1b CONST      ___RAL_c_locale_month_names
    fd72 CONST      ___RAL_c_locale_abbrev_month_names
    fda3 CONST      ___RAL_c_locale_am_pm_indicator
    fdaa CONST      ___RAL_c_locale_date_format
    fdb3 CONST      ___RAL_c_locale_time_format
    fdbc CONST      ___RAL_c_locale_date_time_format
    fdcb CONST      ___RAL_data_utf8_period
    fdcd CONST      ___RAL_data_empty_string
    fdce CONST      ___RAL_c_locale_data
    fe00 CONST      ___RAL_c_locale     
    fe08 CONST      ___float32_nan      
    fe0c CODE       ___putchar          
    fe1c CODE       ___getchar          
    fe22 CODE       _main               
    ff28 CODE       _LEDL_parseCmd      
   10004 CODE       _sub_events         
   10094 CODE       _sys_events         
   1011a CODE       _ledl_pin_setup     
   10190 CODE       _VCC_ON_OFF         
   101a4 CODE       _turn_on_all_sensors
   101b4 CODE       _SD_write           
   10242 CODE       _SD_read            
   106d6 CODE       _send_I2C           
   10776 CODE       _getX_Rotation      
   108ae CODE       _getY_Rotation      
   109e6 CODE       _getZ_Rotation      
   10b1e CODE       _rotationVector     
   10b6e CODE       _temp               
   10be4 CODE       _initalize_acc      
   10cce CODE       _get_Acceleration   
   10de2 CODE       _adcsetup           
   10e0a CODE       _start_ADC_sampeling
   10e12 CODE       _init_timerA3       
   10e24 CODE       _start_timerA3      
   10e2c CODE       ___vfprintf         
   10e2c CODE       ___vfprintf_float_long_long
   125f0 CODE       ___vfscanf          
   125f0 CODE       ___vfscanf_float_long_long_cc
   12a34 CODE       _ctl_private_add_to_task_list
   12a82 CODE       _ctl_private_remove_from_task_list
   12abc CODE       _ctl_private_reschedule
   12b94 CODE       _ctl_task_init      
   12bd0 CODE       _ctl_task_run       
   12c5c CODE       _ctl_task_die       
   12c84 CODE       _ctl_task_set_priority
   12cc2 CODE       _ctl_timeout_wait   
   12d04 CODE       _ctl_increment_tick_from_isr
   12d7e CODE       _ctl_get_current_time
   12d96 CODE       ___printf_lock      
   12db2 CODE       ___printf_unlock    
   12dc6 CODE       _ctl_events_init    
   12dda CODE       _ctl_events_wait    
   12ed6 CODE       _ctl_private_events_schedule
   12f5a CODE       _ctl_events_set_clear
   12fba CODE       _ctl_mutex_init     
   12fd2 CODE       _ctl_mutex_lock_uc  
   12fe6 CODE       _ctl_mutex_lock     
   130ea CODE       _ctl_mutex_unlock   
   131b0 CODE       _ctl_byte_queue_init
   132f8 CODE       _ctl_byte_queue_post_multi
   133d0 CODE       _ctl_byte_queue_receive_multi
   1349e CODE       _ctl_byte_queue_post_multi_nb
   1350e CODE       _ctl_byte_queue_receive_multi_nb
   1357e CODE       _ctl_byte_queue_post
   135ac CODE       _ctl_byte_queue_receive
   135d2 CODE       _ctl_byte_queue_post_nb
   135ec CODE       _ctl_byte_queue_receive_nb
   13600 CODE       _ctl_private_get_stack_start
   13606 CODE       _ctl_private_get_thread_local_storage
   1360c CODE       _ctl_private_init_registers
   1366e CODE       _ctl_private_init_thread_local_storage
   13684 CODE       ___RAL_read_tp      
   13692 CODE       _ctl_private_reschedule_from_api_call
   136ae CODE       _ctl_enter_isr      
   136e2 CODE       _ctl_exit_isr       
   1371a CODE       _ctl_global_interrupts_set
   13732 CODE       _BUS_get_OA         
   137ae CODE       _BUS_flags_to_addr  
   13824 CODE       _BUS_addr_to_flags  
   1387a CODE       _BUS_cmd_init       
   13894 CODE       _BUS_OA_check       
   138ca CODE       _addr_chk           
   138f6 CODE       _BUS_I2C_release    
   13992 CODE       _BUS_cmd_tx         
   13c2a CODE       _BUS_SPI_txrx       
   13e9c CODE       _crc7               
   13ece CODE       _crc16              
   13f02 CODE       _get_ticker_time    
   13f1a CODE       _setget_ticker_time 
   13f42 CODE       _SPI_master_setup   
   13f5c CODE       _SPI_slave_setup    
   13f76 CODE       _SPI_deactivate     
   13f86 CODE       _initCLK            
   13fd0 CODE       _init_timerA        
   13fe4 CODE       _start_timerA       
   13fec CODE       _initSVS            
   14042 CODE       _ARC_setup          
   140d6 CODE       _initARCbus         
   141d4 CODE       _readTA1            
   141e4 CODE       _BUS_register_cmd_callback
   14ce4 CODE       _mainLoop           
   14d2e CODE       _BUS_init_buffer    
   14d38 CODE       _BUS_get_buffer_size
   14d3e CODE       _BUS_get_buffer     
   14d66 CODE       _BUS_free_buffer    
   14d70 CODE       _async_isOpen       
   14d76 CODE       _async_open_remote  
   14e08 CODE       _async_close_remote 
   14e36 CODE       _async_send_data    
   14e9c CODE       _BUS_free_alarm     
   14eb4 CODE       _BUS_timer_timeout_check
   14f08 CODE       _BUS_alarm_ticker_update
   15010 CODE       _PMM_setVCoreUp     
   1510a CODE       _PMM_setVCoreDown   
   151c4 CODE       _PMM_setVCore       
   15204 CODE       _ctl_handle_error   
   15216 CODE       _err_decode_arcbus  
   158fe CODE       _BUS_error_str      
   159ce CODE       _BUS_cmdtostr       
   15b7a CODE       _BUS_cmd_resptostr  
   15c00 CODE       _bus_flags_tostr    
   15c20 CODE       _bus_version_err_tostr
   15ca2 CODE       _reset_bor          
   15cd4 CODE       _main_return        
   15ce8 CODE       _startup_error_check
   15f30 CODE       _err_register_handler
   15fe8 CODE       _error_init         
   1600a CODE       _error_recording_start
   160a6 CODE       _set_error_level    
   160b2 CODE       _get_error_level    
   160b8 CODE       __record_error      
   16162 CODE       _record_error       
   161a6 CODE       _ERR_lev_str        
   161e4 CODE       _err_do_decode      
   1626c CODE       _print_error        
   162ba CODE       _report_error       
   162fa CODE       _clear_saved_errors 
   1632c CODE       _error_log_mem_replay
   163ae CODE       _error_log_replay   
   16470 CODE       _make_args          
   164da CODE       _helpCmd            
   1658c CODE       _doCmd              
   16610 CODE       _hist_incr          
   1661c CODE       _hist_decr          
   16628 CODE       _terminal           
   168e0 CODE       _mmcInitChkCmd      
   1690e CODE       _mmc_write          
   169ae CODE       _mmc_read           
   16a46 CODE       _mmc_dump           
   16ba2 CODE       _mmcdat_Cmd         
   16d64 CODE       _mmc_cardSize       
   16db0 CODE       _mmc_eraseCmd       
   16e40 CODE       _dat_next           
   16e7a CODE       _mmc_TstCmd         
   170f2 CODE       _mmc_multiWTstCmd   
   1724a CODE       _mmc_multiRTstCmd   
   17526 CODE       _mmc_reinit         
   17546 CODE       _mmcDMA_Cmd         
   17564 CODE       _mmcreg_Cmd         
   17618 CODE       _I2C_addr_lookup    
   17660 CODE       _I2C_addr_revlookup 
   17698 CODE       _getI2C_addr        
   17762 CODE       _restCmd            
   17818 CODE       _timeCmd            
   1782e CODE       _txCmd              
   179ac CODE       _spiCmd             
   17abe CODE       _ARCsearch_Cmd      
   17b74 CODE       _ARClib_version_Cmd 
   17b86 CODE       _errReq_Cmd         
   17d46 CODE       _priorityCmd        
   17dfa CODE       _timesliceCmd       
   17e62 CODE       _stateName          
   17ee4 CODE       _statsCmd           
   17f46 CODE       _stackCmd           
   17f90 CODE       _parse_log_level    
   1806a CODE       _replayCmd          
   180f6 CODE       _clearErrCmd        
   1811a CODE       _logCmd             
   181a0 CODE       _SD_error_str       
   183ae CODE       _UCA2_init_UART     
   1848a CODE       _UCA2_TxChar        
   184c6 CODE       _UCA2_Getc          
   184e2 CODE       _UCA2_CheckKey      
   184fe CODE       _SPISetup           
   18514 CODE       _SPI_fast           
   18526 CODE       _SPI_slow           
   18536 CODE       _spiSendByte        
   1856e CODE       _spiDummyClk        
   185a4 CODE       _spiReadFrame       
   1865c CODE       _spiSendFrame       
   18706 CODE       _mmc_is_init        
   18722 CODE       _mmcUnlock          
   1875e CODE       _mmcLock            
   18796 CODE       _mmc_pins_on        
   187ba CODE       __mmc_pins_map      
   187dc CODE       _mmcInit_msp        
   187ee CODE       _mmcReInit_card     
   1883e CODE       _mmcInit_card       
   18852 CODE       _mmcGoIdle          
   18baa CODE       _mmc_R1             
   18be6 CODE       _mmc_R2             
   18c22 CODE       _mmc_busy           
   18c5c CODE       _mmc_R1b            
   18ca2 CODE       _mmc_dat_resp       
   18d34 CODE       _mmc_token          
   18d6a CODE       _mmcReadBlock       
   18e52 CODE       _mmcReadBlocks      
   18fb4 CODE       _mmcWriteBlock      
   190ae CODE       _mmcWriteMultiBlock 
   19206 CODE       _mmcSendCmd         
   19278 CODE       _mmcErase           
   19350 CODE       _mmcReadReg         
   193ca CODE       _mmcGetCardSize     
   1950e CODE       _SD_DMA_is_enabled  
   19572 CODE       _i2c_tx             
   195fa CODE       _i2c_rx             
   196ac CODE       _initI2C            
   19760 CODE       ___int32_mul        
   19782 CODE       ___int16_div        
   197a8 CODE       ___int16_mod        
   197ce CODE       ___int16_mul        
   197e4 CODE       ___int64_mul        
   19852 CODE       ___int64_lsl        
   19864 CODE       ___int64_lsr        
   198c4 CODE       ___uint64_mod       
   198e4 CODE       ___uint16_div       
   198fc CODE       ___uint16_mod       
   19904 CODE       ___uint32_div       
   1990e CODE       ___uint32_divmod    
   19936 CODE       ___uint64_div       
   1995e CODE       ___uint64_divmod    
   1999a CODE       ___digit            
   199e0 CODE       ___getc             
   19a0e CODE       ___RAL_pow10        
   19a64 CODE       ___strtoul          
   19b82 CODE       ___putc             
   19bcc CODE       ___RAL_print_padding
   19bea CODE       ___RAL_pre_padding  
   19c14 CODE       _abs                
   19c24 CODE       _atoi               
   19c4a CODE       _atol               
   19c74 CODE       ___RAL_isctype      
   19c92 CODE       _isupper            
   19ca4 CODE       _islower            
   19cb6 CODE       _isdigit            
   19cc6 CODE       _isspace            
   19cd6 CODE       _isprint            
   19ce8 CODE       _iscntrl            
   19cfa CODE       ___errno            
   19d04 CODE       _getchar            
   19d22 CODE       ___RAL_global_locale_category
   19df2 CODE       _printf             
   19e2e CODE       _puts               
   19e68 CODE       _sprintf            
   19e98 CODE       _sscanf             
   19ec6 CODE       _strcat             
   19ee6 CODE       _strcmp             
   19f06 CODE       _strcpy             
   19f1c CODE       _strncmp            
   19f4a CODE       _strlcpy            
   19f8e CODE       _strnlen            
   19fa8 CODE       _strtol             
   1a054 CODE       _strtoul            
   1a108 CODE       ___RAL_init_mbstate 
   1a116 CODE       ___RAL_ascii_mbtowc 
   1a15c CODE       ___RAL_ascii_wctomb 
   1a184 CODE       _memcpy             
   1a194 CODE       _memset             
   1a1a4 CODE       _strlen             
   1a1b4 CODE       ___float32_isinf    
   1a1ce CODE       ___float32_isnan    
   1a1e6 CODE       ___float32_signbit  
   1a1f6 CODE       ___uint64_to_float32
   1a31a CODE       ___float32_to_int64 
   1a3cc CODE       ___float32_add      
   1a4be CODE       ___float32_sub      
   1a4ca CODE       ___float32_mul      
   1a5a2 CODE       ___float32_div      
   1a660 CODE       ___float32_lt       
   1a67c CODE       ___float32_eq       
   1a68c CODE       ___int16_to_float32 
   1a698 CODE       ___uint16_to_float32
   1a6a2 CODE       ___uint16_to_float32_aux
   1a6c2 CODE       ___float32_to_int16 
   1a6fe CODE       _modff              
   1a794 CODE       _floor              
   1a794 CODE       _floorf             
   1a864 CODE       _fmodf              
   1a864 CODE       _fmod               
   1a9e8 CODE       _fabsf              
   1a9ee CODE       _ldexp              
   1aa2a CODE       _frexp              
