
SYMBOLS BY NAME

      80            CTL_IRQ_STACK_SIZE  
    3e70 UDATA0     _ARC_bus_helper_task
    4090 UDATA0     _ARC_bus_task       
   125a0 CODE       _ARC_setup          
    d14f CONST      _ARClib_version     
   15374 CODE       _ARClib_version_Cmd 
    d162 CONST      _ARClib_vstruct     
   152be CODE       _ARCsearch_Cmd      
   11e54 CODE       _BUS_I2C_release    
    3e8c UDATA0     _BUS_INT_events     
   11df2 CODE       _BUS_OA_check       
   12188 CODE       _BUS_SPI_txrx       
   11d82 CODE       _BUS_addr_to_flags  
   13440 CODE       _BUS_alarm_ticker_update
   11dd8 CODE       _BUS_cmd_init       
   140b2 CODE       _BUS_cmd_resptostr  
   11ef0 CODE       _BUS_cmd_tx         
   13f06 CODE       _BUS_cmdtostr       
   13e36 CODE       _BUS_error_str      
   11d0c CODE       _BUS_flags_to_addr  
   133d4 CODE       _BUS_free_alarm     
   1329e CODE       _BUS_free_buffer    
   11c90 CODE       _BUS_get_OA         
   13276 CODE       _BUS_get_buffer     
   13270 CODE       _BUS_get_buffer_size
    3e8e UDATA0     _BUS_helper_events  
   13266 CODE       _BUS_init_buffer    
    3e90 UDATA0     _BUS_stack          
    509c THREAD     _BUS_thread_addr_flags
   133ec CODE       _BUS_timer_timeout_check
    4330 UDATA0     _DMA_events         
    c532 ISR        _DMA_int            
   146de CODE       _ERR_lev_str        
   14e18 CODE       _I2C_addr_lookup    
   14e60 CODE       _I2C_addr_revlookup 
    c7a8 ISR        _I2C_dat            
    40f0 UDATA0     _I2C_rx_buf         
    40ee UDATA0     _I2C_rx_in          
    40ec UDATA0     _I2C_rx_out         
    508a UDATA0     _I2C_stat           
   136fc CODE       _PMM_setVCore       
   13642 CODE       _PMM_setVCoreDown   
   13548 CODE       _PMM_setVCoreUp     
   159a0 CODE       _SD_error_str       
    f6f6 CODE       _SD_read            
    f670 CODE       _SD_write           
   15ce2 CODE       _SPISetup           
   124d4 CODE       _SPI_deactivate     
   15cf8 CODE       _SPI_fast           
   124a0 CODE       _SPI_master_setup   
   124ba CODE       _SPI_slave_setup    
   15d0a CODE       _SPI_slow           
    40c8 UDATA0     _SUB_events         
    c5f8 ISR        _SYS_NMI            
    3bca UDATA0     _SYS_evt            
    c00c ISR        _Timer_A2_A0        
    c012 ISR        _Timer_A2_A1        
   15cc6 CODE       _UCA2_Getc          
    c746 ISR        _UCA2_ISR           
    4f40 UDATA0     _UCA2_RxBuf         
    4fe4 UDATA0     _UCA2_TxBuf         
   15c8a CODE       _UCA2_TxChar        
   15bae CODE       _UCA2_init_UART     
    f29a CONST      ___RAL_ascii_ctype_map
   16f96 CODE       ___RAL_ascii_mbtowc 
   16fdc CODE       ___RAL_ascii_wctomb 
    f474 CONST      ___RAL_c_locale     
    f372 CONST      ___RAL_c_locale_abbrev_day_names
    f3e6 CONST      ___RAL_c_locale_abbrev_month_names
    f417 CONST      ___RAL_c_locale_am_pm_indicator
    f442 CONST      ___RAL_c_locale_data
    f41e CONST      ___RAL_c_locale_date_format
    f430 CONST      ___RAL_c_locale_date_time_format
    f338 CONST      ___RAL_c_locale_day_names
    f38f CONST      ___RAL_c_locale_month_names
    f427 CONST      ___RAL_c_locale_time_format
    f328 CONST      ___RAL_codeset_ascii
    f441 CONST      ___RAL_data_empty_string
    f43f CONST      ___RAL_data_utf8_period
    1c2c IDATA0     ___RAL_global_locale
   16bd0 CODE       ___RAL_global_locale_category
    f272 CONST      ___RAL_hex_lc       
    f262 CONST      ___RAL_hex_uc       
   16f88 CODE       ___RAL_init_mbstate 
   16b34 CODE       ___RAL_isctype      
   168ce CODE       ___RAL_pow10        
   16aaa CODE       ___RAL_pre_padding  
   16a8c CODE       ___RAL_print_padding
   11be2 CODE       ___RAL_read_tp      
    1c00            ___RAM_Address      
    8000            ___RAM_Size         
    1c00            ___begin_IDATA0     
    509c            ___begin_THREAD     
    1c36            ___begin_UDATA0     
     4c0            ___crt_mpy          
     4d2            ___crt_mpy32h       
     4d0            ___crt_mpy32l       
     4c8            ___crt_op2          
     4e2            ___crt_op2h         
     4e0            ___crt_op2l         
     4e4            ___crt_res0         
     4e6            ___crt_res1         
     4e8            ___crt_res2         
     4ea            ___crt_res3         
     4ca            ___crt_reslo        
   16888 CODE       ___digit            
    1c36            ___end_IDATA0       
    50a0            ___end_THREAD       
    509c            ___end_UDATA0       
   16ba8 CODE       ___errno            
   1724c CODE       ___float32_add      
   17422 CODE       ___float32_div      
   174fc CODE       ___float32_eq       
   17034 CODE       ___float32_isinf    
   1704e CODE       ___float32_isnan    
   174e0 CODE       ___float32_lt       
   1734a CODE       ___float32_mul      
    f47c CONST      ___float32_nan      
   17066 CODE       ___float32_signbit  
   1733e CODE       ___float32_sub      
   1719a CODE       ___float32_to_int64 
    f490 CODE       ___getchar          
   16710 CODE       ___int16_div        
   16736 CODE       ___int16_mod        
   1675c CODE       ___int16_mul        
   166ee CODE       ___int32_mul        
   16772 CODE       ___int64_lsl        
   16784 CODE       ___int64_lsr        
   112f4 CODE       ___printf_lock      
   11310 CODE       ___printf_unlock    
   16a42 CODE       ___putc             
    f480 CODE       ___putchar          
   16924 CODE       ___strtoul          
    c722 ISR        ___thunk_ARClib_version_Cmd
    c71e ISR        ___thunk_ARCsearch_Cmd
    c01c ISR        ___thunk_SD_read    
    c018 ISR        ___thunk_SD_write   
    c89a ISR        ___thunk___RAL_ascii_mbtowc
    c89e ISR        ___thunk___RAL_ascii_wctomb
    c000 ISR        ___thunk___putchar  
    c73e ISR        ___thunk_clearErrCmd
    c726 ISR        ___thunk_errReq_Cmd 
    c702 ISR        ___thunk_err_decode_arcbus
    c004 ISR        ___thunk_example_command
    c008 ISR        ___thunk_example_timer_IR
    c706 ISR        ___thunk_helpCmd    
    c742 ISR        ___thunk_logCmd     
    c72a ISR        ___thunk_priorityCmd
    c73a ISR        ___thunk_replayCmd  
    c70e ISR        ___thunk_restCmd    
    c020 ISR        ___thunk_send_I2C   
    c71a ISR        ___thunk_spiCmd     
    c736 ISR        ___thunk_stackCmd   
    c732 ISR        ___thunk_statsCmd   
    c024 ISR        ___thunk_sub_events 
    c028 ISR        ___thunk_sys_events 
    c70a ISR        ___thunk_terminal   
    c712 ISR        ___thunk_timeCmd    
    c72e ISR        ___thunk_timesliceCmd
    c716 ISR        ___thunk_txCmd      
   16804 CODE       ___uint16_div       
   1681c CODE       ___uint16_mod       
   16824 CODE       ___uint64_div       
   1684c CODE       ___uint64_divmod    
   167e4 CODE       ___uint64_mod       
   17076 CODE       ___uint64_to_float32
    1c2a IDATA0     ___ungot            
    509a UDATA0     ___user_format_extender
    fcca CODE       ___vfprintf         
    fcca CODE       ___vfprintf_float_long_long
   15f6a CODE       __mmc_pins_map      
   145f0 CODE       __record_error      
   16ad4 CODE       _abs                
   11e28 CODE       _addr_chk           
    4984 UDATA0     _alarms             
    40ca UDATA0     _arcBus_stat        
    1c16 IDATA0     _async_addr         
   13340 CODE       _async_close_remote 
   132a8 CODE       _async_isOpen       
   132ae CODE       _async_open_remote  
    4968 UDATA0     _async_rxQ          
   1336e CODE       _async_send_data    
    1c18 IDATA0     _async_timer        
    4976 UDATA0     _async_txQ          
   16ae4 CODE       _atoi               
   16b0a CODE       _atol               
    4736 UDATA0     _buffer_mutex       
    e558 CONST      _busAddrSym         
    c034 ISR        _bus_I2C_isr        
    c470 ISR        _bus_SPI_isr        
   14138 CODE       _bus_flags_tostr    
    c47c ISR        _bus_int            
    c5b2 ISR        _bus_resend         
   14158 CODE       _bus_version_err_tostr
   158f6 CODE       _clearErrCmd        
   14832 CODE       _clear_saved_errors 
    1c1a IDATA0     _closed_event       
    1c1c IDATA0     _closed_flag        
    1c12 IDATA0     _cmd_parse_list     
    c8e2 CONST      _cmd_tbl            
   1242c CODE       _crc16              
   123fa CODE       _crc7               
    3c5e UDATA0     _crc_mutex          
   1170e CODE       _ctl_byte_queue_init
   11adc CODE       _ctl_byte_queue_post
   11856 CODE       _ctl_byte_queue_post_multi
   119fc CODE       _ctl_byte_queue_post_multi_nb
   11b30 CODE       _ctl_byte_queue_post_nb
   11b0a CODE       _ctl_byte_queue_receive
   1192e CODE       _ctl_byte_queue_receive_multi
   11a6c CODE       _ctl_byte_queue_receive_multi_nb
   11b4a CODE       _ctl_byte_queue_receive_nb
    3bd2 UDATA0     _ctl_current_time   
   11c0c CODE       _ctl_enter_isr      
   11324 CODE       _ctl_events_init    
   114b8 CODE       _ctl_events_set_clear
   11338 CODE       _ctl_events_wait    
   11c40 CODE       _ctl_exit_isr       
   112dc CODE       _ctl_get_current_time
   11c78 CODE       _ctl_global_interrupts_set
   1373c CODE       _ctl_handle_error   
   11262 CODE       _ctl_increment_tick_from_isr
    3bd7 UDATA0     _ctl_interrupt_count
    3bce UDATA0     _ctl_last_schedule_time
    1c06 IDATA0     _ctl_libc_mutex     
   11518 CODE       _ctl_mutex_init     
   11544 CODE       _ctl_mutex_lock     
   11530 CODE       _ctl_mutex_lock_uc  
   11648 CODE       _ctl_mutex_unlock   
   10f92 CODE       _ctl_private_add_to_task_list
   11434 CODE       _ctl_private_events_schedule
   11b5e CODE       _ctl_private_get_stack_start
   11b64 CODE       _ctl_private_get_thread_local_storage
   11b6a CODE       _ctl_private_init_registers
   11bcc CODE       _ctl_private_init_thread_local_storage
   10fe0 CODE       _ctl_private_remove_from_task_list
   1101a CODE       _ctl_private_reschedule
   11bf0 CODE       _ctl_private_reschedule_from_api_call
    3bd6 UDATA0     _ctl_reschedule_on_last_isr_exit
   111ba CODE       _ctl_task_die       
    3bd8 UDATA0     _ctl_task_executing 
   110f2 CODE       _ctl_task_init      
    3bda UDATA0     _ctl_task_list      
   1112e CODE       _ctl_task_run       
   111e2 CODE       _ctl_task_set_priority
    3bcc UDATA0     _ctl_task_switch_callout
    1c04 IDATA0     _ctl_time_increment 
   11220 CODE       _ctl_timeout_wait   
    1c00 IDATA0     _ctl_timeslice_period
   14ac4 CODE       _doCmd              
   15386 CODE       _errReq_Cmd         
   1374e CODE       _err_decode_arcbus  
   1471c CODE       _err_do_decode      
   14468 CODE       _err_register_handler
   14520 CODE       _error_init         
   14864 CODE       _error_log_mem_replay
   148e6 CODE       _error_log_replay   
   14542 CODE       _error_recording_start
    f582 CODE       _example_command    
    f606 CODE       _example_timer_IR   
   177f6 CODE       _fabsf              
   175a2 CODE       _floor              
   175a2 CODE       _floorf             
   17672 CODE       _fmod               
   17672 CODE       _fmodf              
   17838 CODE       _frexp              
   14e98 CODE       _getI2C_addr        
   145ea CODE       _get_error_level    
   12460 CODE       _get_ticker_time    
   16bb2 CODE       _getchar            
   14a12 CODE       _helpCmd            
    3c7c UDATA0     _helper_stack       
   14b54 CODE       _hist_decr          
   14b48 CODE       _hist_incr          
    40ac UDATA0     _idle_task          
   12634 CODE       _initARCbus         
   124e4 CODE       _initCLK            
   1254a CODE       _initSVS            
   1252e CODE       _init_timerA        
   16b96 CODE       _iscntrl            
   16b76 CODE       _isdigit            
   16b64 CODE       _islower            
   16b86 CODE       _isspace            
   16b52 CODE       _isupper            
   177fc CODE       _ldexp              
   1591a CODE       _logCmd             
    f496 CODE       _main               
   1321c CODE       _mainLoop           
   1420c CODE       _main_return        
   149a8 CODE       _make_args          
   17004 CODE       _memcpy             
   17014 CODE       _memset             
   16002 CODE       _mmcGoIdle          
   15fee CODE       _mmcInit_card       
   15f8c CODE       _mmcInit_msp        
   15f0e CODE       _mmcLock            
   15f9e CODE       _mmcReInit_card     
   1649a CODE       _mmcReadBlock       
   1667c CODE       _mmcSendCmd         
    1c22 IDATA0     _mmcStat            
   15ed2 CODE       _mmcUnlock          
   16582 CODE       _mmcWriteBlock      
    c79c ISR        _mmc_ISR            
   1635a CODE       _mmc_R1             
   16396 CODE       _mmc_R2             
   163d2 CODE       _mmc_dat_resp       
   15eb6 CODE       _mmc_is_init        
   15f46 CODE       _mmc_pins_on        
   16464 CODE       _mmc_token          
   1750c CODE       _modff              
    49a4 UDATA0     _next_idx           
   15790 CODE       _parse_log_level    
    1c10 IDATA0     _powerState         
   147a4 CODE       _print_error        
   16ca0 CODE       _printf             
   15546 CODE       _priorityCmd        
   16cdc CODE       _puts               
   12732 CODE       _readTA1            
   1469a CODE       _record_error       
   1586a CODE       _replayCmd          
   147f2 CODE       _report_error       
   141da CODE       _reset_bor          
   14f62 CODE       _restCmd            
    473c UDATA0     _rxbuf              
    4994 UDATA0     _saved_error        
    fb42 CODE       _send_I2C           
   145de CODE       _set_error_level    
   12478 CODE       _setget_ticker_time 
   151ac CODE       _spiCmd             
   15d38 CODE       _spiDummyClk        
   15d54 CODE       _spiReadFrame       
   15d1a CODE       _spiSendByte        
   15e0c CODE       _spiSendFrame       
   16d16 CODE       _sprintf            
   15746 CODE       _stackCmd           
   12542 CODE       _start_timerA       
   14220 CODE       _startup_error_check
   15662 CODE       _stateName          
   156e4 CODE       _statsCmd           
   16d46 CODE       _strcat             
   16d66 CODE       _strcmp             
   16d86 CODE       _strcpy             
   16dca CODE       _strlcpy            
   17024 CODE       _strlen             
   16d9c CODE       _strncmp            
   16e0e CODE       _strnlen            
   16e28 CODE       _strtol             
   16ed4 CODE       _strtoul            
    fbe2 CODE       _sub_events         
    1c36 UDATA0     _sub_stack          
    3b92 UDATA0     _sub_task           
    fc72 CODE       _sys_events         
    2406 UDATA0     _sys_stack          
    3b76 UDATA0     _sys_task           
    c578 ISR        _task_tick          
   14b60 CODE       _terminal           
    2bd6 UDATA0     _terminal_stack     
    3bae UDATA0     _terminal_task      
    3c64 UDATA0     _ticker_time        
   15018 CODE       _timeCmd            
   155fa CODE       _timesliceCmd       
   1502e CODE       _txCmd              
    4868 UDATA0     _txbuf              
    d1a8 CONST      thread_init_begin   
    d1ac CONST      thread_init_end     


SYMBOLS BY VALUE

      80            CTL_IRQ_STACK_SIZE  
     4c0            ___crt_mpy          
     4c8            ___crt_op2          
     4ca            ___crt_reslo        
     4d0            ___crt_mpy32l       
     4d2            ___crt_mpy32h       
     4e0            ___crt_op2l         
     4e2            ___crt_op2h         
     4e4            ___crt_res0         
     4e6            ___crt_res1         
     4e8            ___crt_res2         
     4ea            ___crt_res3         
    1c00 IDATA0     _ctl_timeslice_period
    1c00            ___begin_IDATA0     
    1c00            ___RAM_Address      
    1c04 IDATA0     _ctl_time_increment 
    1c06 IDATA0     _ctl_libc_mutex     
    1c10 IDATA0     _powerState         
    1c12 IDATA0     _cmd_parse_list     
    1c16 IDATA0     _async_addr         
    1c18 IDATA0     _async_timer        
    1c1a IDATA0     _closed_event       
    1c1c IDATA0     _closed_flag        
    1c22 IDATA0     _mmcStat            
    1c2a IDATA0     ___ungot            
    1c2c IDATA0     ___RAL_global_locale
    1c36            ___end_IDATA0       
    1c36            ___begin_UDATA0     
    1c36 UDATA0     _sub_stack          
    2406 UDATA0     _sys_stack          
    2bd6 UDATA0     _terminal_stack     
    3b76 UDATA0     _sys_task           
    3b92 UDATA0     _sub_task           
    3bae UDATA0     _terminal_task      
    3bca UDATA0     _SYS_evt            
    3bcc UDATA0     _ctl_task_switch_callout
    3bce UDATA0     _ctl_last_schedule_time
    3bd2 UDATA0     _ctl_current_time   
    3bd6 UDATA0     _ctl_reschedule_on_last_isr_exit
    3bd7 UDATA0     _ctl_interrupt_count
    3bd8 UDATA0     _ctl_task_executing 
    3bda UDATA0     _ctl_task_list      
    3c5e UDATA0     _crc_mutex          
    3c64 UDATA0     _ticker_time        
    3c7c UDATA0     _helper_stack       
    3e70 UDATA0     _ARC_bus_helper_task
    3e8c UDATA0     _BUS_INT_events     
    3e8e UDATA0     _BUS_helper_events  
    3e90 UDATA0     _BUS_stack          
    4090 UDATA0     _ARC_bus_task       
    40ac UDATA0     _idle_task          
    40c8 UDATA0     _SUB_events         
    40ca UDATA0     _arcBus_stat        
    40ec UDATA0     _I2C_rx_out         
    40ee UDATA0     _I2C_rx_in          
    40f0 UDATA0     _I2C_rx_buf         
    4330 UDATA0     _DMA_events         
    4736 UDATA0     _buffer_mutex       
    473c UDATA0     _rxbuf              
    4868 UDATA0     _txbuf              
    4968 UDATA0     _async_rxQ          
    4976 UDATA0     _async_txQ          
    4984 UDATA0     _alarms             
    4994 UDATA0     _saved_error        
    49a4 UDATA0     _next_idx           
    4f40 UDATA0     _UCA2_RxBuf         
    4fe4 UDATA0     _UCA2_TxBuf         
    508a UDATA0     _I2C_stat           
    509a UDATA0     ___user_format_extender
    509c            ___end_UDATA0       
    509c THREAD     _BUS_thread_addr_flags
    509c            ___begin_THREAD     
    50a0            ___end_THREAD       
    8000            ___RAM_Size         
    c000 ISR        ___thunk___putchar  
    c004 ISR        ___thunk_example_command
    c008 ISR        ___thunk_example_timer_IR
    c00c ISR        _Timer_A2_A0        
    c012 ISR        _Timer_A2_A1        
    c018 ISR        ___thunk_SD_write   
    c01c ISR        ___thunk_SD_read    
    c020 ISR        ___thunk_send_I2C   
    c024 ISR        ___thunk_sub_events 
    c028 ISR        ___thunk_sys_events 
    c034 ISR        _bus_I2C_isr        
    c470 ISR        _bus_SPI_isr        
    c47c ISR        _bus_int            
    c532 ISR        _DMA_int            
    c578 ISR        _task_tick          
    c5b2 ISR        _bus_resend         
    c5f8 ISR        _SYS_NMI            
    c702 ISR        ___thunk_err_decode_arcbus
    c706 ISR        ___thunk_helpCmd    
    c70a ISR        ___thunk_terminal   
    c70e ISR        ___thunk_restCmd    
    c712 ISR        ___thunk_timeCmd    
    c716 ISR        ___thunk_txCmd      
    c71a ISR        ___thunk_spiCmd     
    c71e ISR        ___thunk_ARCsearch_Cmd
    c722 ISR        ___thunk_ARClib_version_Cmd
    c726 ISR        ___thunk_errReq_Cmd 
    c72a ISR        ___thunk_priorityCmd
    c72e ISR        ___thunk_timesliceCmd
    c732 ISR        ___thunk_statsCmd   
    c736 ISR        ___thunk_stackCmd   
    c73a ISR        ___thunk_replayCmd  
    c73e ISR        ___thunk_clearErrCmd
    c742 ISR        ___thunk_logCmd     
    c746 ISR        _UCA2_ISR           
    c79c ISR        _mmc_ISR            
    c7a8 ISR        _I2C_dat            
    c89a ISR        ___thunk___RAL_ascii_mbtowc
    c89e ISR        ___thunk___RAL_ascii_wctomb
    c8e2 CONST      _cmd_tbl            
    d14f CONST      _ARClib_version     
    d162 CONST      _ARClib_vstruct     
    d1a8 CONST      thread_init_begin   
    d1ac CONST      thread_init_end     
    e558 CONST      _busAddrSym         
    f262 CONST      ___RAL_hex_uc       
    f272 CONST      ___RAL_hex_lc       
    f29a CONST      ___RAL_ascii_ctype_map
    f328 CONST      ___RAL_codeset_ascii
    f338 CONST      ___RAL_c_locale_day_names
    f372 CONST      ___RAL_c_locale_abbrev_day_names
    f38f CONST      ___RAL_c_locale_month_names
    f3e6 CONST      ___RAL_c_locale_abbrev_month_names
    f417 CONST      ___RAL_c_locale_am_pm_indicator
    f41e CONST      ___RAL_c_locale_date_format
    f427 CONST      ___RAL_c_locale_time_format
    f430 CONST      ___RAL_c_locale_date_time_format
    f43f CONST      ___RAL_data_utf8_period
    f441 CONST      ___RAL_data_empty_string
    f442 CONST      ___RAL_c_locale_data
    f474 CONST      ___RAL_c_locale     
    f47c CONST      ___float32_nan      
    f480 CODE       ___putchar          
    f490 CODE       ___getchar          
    f496 CODE       _main               
    f582 CODE       _example_command    
    f606 CODE       _example_timer_IR   
    f670 CODE       _SD_write           
    f6f6 CODE       _SD_read            
    fb42 CODE       _send_I2C           
    fbe2 CODE       _sub_events         
    fc72 CODE       _sys_events         
    fcca CODE       ___vfprintf         
    fcca CODE       ___vfprintf_float_long_long
   10f92 CODE       _ctl_private_add_to_task_list
   10fe0 CODE       _ctl_private_remove_from_task_list
   1101a CODE       _ctl_private_reschedule
   110f2 CODE       _ctl_task_init      
   1112e CODE       _ctl_task_run       
   111ba CODE       _ctl_task_die       
   111e2 CODE       _ctl_task_set_priority
   11220 CODE       _ctl_timeout_wait   
   11262 CODE       _ctl_increment_tick_from_isr
   112dc CODE       _ctl_get_current_time
   112f4 CODE       ___printf_lock      
   11310 CODE       ___printf_unlock    
   11324 CODE       _ctl_events_init    
   11338 CODE       _ctl_events_wait    
   11434 CODE       _ctl_private_events_schedule
   114b8 CODE       _ctl_events_set_clear
   11518 CODE       _ctl_mutex_init     
   11530 CODE       _ctl_mutex_lock_uc  
   11544 CODE       _ctl_mutex_lock     
   11648 CODE       _ctl_mutex_unlock   
   1170e CODE       _ctl_byte_queue_init
   11856 CODE       _ctl_byte_queue_post_multi
   1192e CODE       _ctl_byte_queue_receive_multi
   119fc CODE       _ctl_byte_queue_post_multi_nb
   11a6c CODE       _ctl_byte_queue_receive_multi_nb
   11adc CODE       _ctl_byte_queue_post
   11b0a CODE       _ctl_byte_queue_receive
   11b30 CODE       _ctl_byte_queue_post_nb
   11b4a CODE       _ctl_byte_queue_receive_nb
   11b5e CODE       _ctl_private_get_stack_start
   11b64 CODE       _ctl_private_get_thread_local_storage
   11b6a CODE       _ctl_private_init_registers
   11bcc CODE       _ctl_private_init_thread_local_storage
   11be2 CODE       ___RAL_read_tp      
   11bf0 CODE       _ctl_private_reschedule_from_api_call
   11c0c CODE       _ctl_enter_isr      
   11c40 CODE       _ctl_exit_isr       
   11c78 CODE       _ctl_global_interrupts_set
   11c90 CODE       _BUS_get_OA         
   11d0c CODE       _BUS_flags_to_addr  
   11d82 CODE       _BUS_addr_to_flags  
   11dd8 CODE       _BUS_cmd_init       
   11df2 CODE       _BUS_OA_check       
   11e28 CODE       _addr_chk           
   11e54 CODE       _BUS_I2C_release    
   11ef0 CODE       _BUS_cmd_tx         
   12188 CODE       _BUS_SPI_txrx       
   123fa CODE       _crc7               
   1242c CODE       _crc16              
   12460 CODE       _get_ticker_time    
   12478 CODE       _setget_ticker_time 
   124a0 CODE       _SPI_master_setup   
   124ba CODE       _SPI_slave_setup    
   124d4 CODE       _SPI_deactivate     
   124e4 CODE       _initCLK            
   1252e CODE       _init_timerA        
   12542 CODE       _start_timerA       
   1254a CODE       _initSVS            
   125a0 CODE       _ARC_setup          
   12634 CODE       _initARCbus         
   12732 CODE       _readTA1            
   1321c CODE       _mainLoop           
   13266 CODE       _BUS_init_buffer    
   13270 CODE       _BUS_get_buffer_size
   13276 CODE       _BUS_get_buffer     
   1329e CODE       _BUS_free_buffer    
   132a8 CODE       _async_isOpen       
   132ae CODE       _async_open_remote  
   13340 CODE       _async_close_remote 
   1336e CODE       _async_send_data    
   133d4 CODE       _BUS_free_alarm     
   133ec CODE       _BUS_timer_timeout_check
   13440 CODE       _BUS_alarm_ticker_update
   13548 CODE       _PMM_setVCoreUp     
   13642 CODE       _PMM_setVCoreDown   
   136fc CODE       _PMM_setVCore       
   1373c CODE       _ctl_handle_error   
   1374e CODE       _err_decode_arcbus  
   13e36 CODE       _BUS_error_str      
   13f06 CODE       _BUS_cmdtostr       
   140b2 CODE       _BUS_cmd_resptostr  
   14138 CODE       _bus_flags_tostr    
   14158 CODE       _bus_version_err_tostr
   141da CODE       _reset_bor          
   1420c CODE       _main_return        
   14220 CODE       _startup_error_check
   14468 CODE       _err_register_handler
   14520 CODE       _error_init         
   14542 CODE       _error_recording_start
   145de CODE       _set_error_level    
   145ea CODE       _get_error_level    
   145f0 CODE       __record_error      
   1469a CODE       _record_error       
   146de CODE       _ERR_lev_str        
   1471c CODE       _err_do_decode      
   147a4 CODE       _print_error        
   147f2 CODE       _report_error       
   14832 CODE       _clear_saved_errors 
   14864 CODE       _error_log_mem_replay
   148e6 CODE       _error_log_replay   
   149a8 CODE       _make_args          
   14a12 CODE       _helpCmd            
   14ac4 CODE       _doCmd              
   14b48 CODE       _hist_incr          
   14b54 CODE       _hist_decr          
   14b60 CODE       _terminal           
   14e18 CODE       _I2C_addr_lookup    
   14e60 CODE       _I2C_addr_revlookup 
   14e98 CODE       _getI2C_addr        
   14f62 CODE       _restCmd            
   15018 CODE       _timeCmd            
   1502e CODE       _txCmd              
   151ac CODE       _spiCmd             
   152be CODE       _ARCsearch_Cmd      
   15374 CODE       _ARClib_version_Cmd 
   15386 CODE       _errReq_Cmd         
   15546 CODE       _priorityCmd        
   155fa CODE       _timesliceCmd       
   15662 CODE       _stateName          
   156e4 CODE       _statsCmd           
   15746 CODE       _stackCmd           
   15790 CODE       _parse_log_level    
   1586a CODE       _replayCmd          
   158f6 CODE       _clearErrCmd        
   1591a CODE       _logCmd             
   159a0 CODE       _SD_error_str       
   15bae CODE       _UCA2_init_UART     
   15c8a CODE       _UCA2_TxChar        
   15cc6 CODE       _UCA2_Getc          
   15ce2 CODE       _SPISetup           
   15cf8 CODE       _SPI_fast           
   15d0a CODE       _SPI_slow           
   15d1a CODE       _spiSendByte        
   15d38 CODE       _spiDummyClk        
   15d54 CODE       _spiReadFrame       
   15e0c CODE       _spiSendFrame       
   15eb6 CODE       _mmc_is_init        
   15ed2 CODE       _mmcUnlock          
   15f0e CODE       _mmcLock            
   15f46 CODE       _mmc_pins_on        
   15f6a CODE       __mmc_pins_map      
   15f8c CODE       _mmcInit_msp        
   15f9e CODE       _mmcReInit_card     
   15fee CODE       _mmcInit_card       
   16002 CODE       _mmcGoIdle          
   1635a CODE       _mmc_R1             
   16396 CODE       _mmc_R2             
   163d2 CODE       _mmc_dat_resp       
   16464 CODE       _mmc_token          
   1649a CODE       _mmcReadBlock       
   16582 CODE       _mmcWriteBlock      
   1667c CODE       _mmcSendCmd         
   166ee CODE       ___int32_mul        
   16710 CODE       ___int16_div        
   16736 CODE       ___int16_mod        
   1675c CODE       ___int16_mul        
   16772 CODE       ___int64_lsl        
   16784 CODE       ___int64_lsr        
   167e4 CODE       ___uint64_mod       
   16804 CODE       ___uint16_div       
   1681c CODE       ___uint16_mod       
   16824 CODE       ___uint64_div       
   1684c CODE       ___uint64_divmod    
   16888 CODE       ___digit            
   168ce CODE       ___RAL_pow10        
   16924 CODE       ___strtoul          
   16a42 CODE       ___putc             
   16a8c CODE       ___RAL_print_padding
   16aaa CODE       ___RAL_pre_padding  
   16ad4 CODE       _abs                
   16ae4 CODE       _atoi               
   16b0a CODE       _atol               
   16b34 CODE       ___RAL_isctype      
   16b52 CODE       _isupper            
   16b64 CODE       _islower            
   16b76 CODE       _isdigit            
   16b86 CODE       _isspace            
   16b96 CODE       _iscntrl            
   16ba8 CODE       ___errno            
   16bb2 CODE       _getchar            
   16bd0 CODE       ___RAL_global_locale_category
   16ca0 CODE       _printf             
   16cdc CODE       _puts               
   16d16 CODE       _sprintf            
   16d46 CODE       _strcat             
   16d66 CODE       _strcmp             
   16d86 CODE       _strcpy             
   16d9c CODE       _strncmp            
   16dca CODE       _strlcpy            
   16e0e CODE       _strnlen            
   16e28 CODE       _strtol             
   16ed4 CODE       _strtoul            
   16f88 CODE       ___RAL_init_mbstate 
   16f96 CODE       ___RAL_ascii_mbtowc 
   16fdc CODE       ___RAL_ascii_wctomb 
   17004 CODE       _memcpy             
   17014 CODE       _memset             
   17024 CODE       _strlen             
   17034 CODE       ___float32_isinf    
   1704e CODE       ___float32_isnan    
   17066 CODE       ___float32_signbit  
   17076 CODE       ___uint64_to_float32
   1719a CODE       ___float32_to_int64 
   1724c CODE       ___float32_add      
   1733e CODE       ___float32_sub      
   1734a CODE       ___float32_mul      
   17422 CODE       ___float32_div      
   174e0 CODE       ___float32_lt       
   174fc CODE       ___float32_eq       
   1750c CODE       _modff              
   175a2 CODE       _floorf             
   175a2 CODE       _floor              
   17672 CODE       _fmod               
   17672 CODE       _fmodf              
   177f6 CODE       _fabsf              
   177fc CODE       _ldexp              
   17838 CODE       _frexp              
